[backblue.gif]
[fade.gif]
[index.html]
[www.finedaysticker.com/wp-content/uploads/elementor/thumbs/FineDay-Sticker-Banner-2023-10-qdcs2k0qrf2zooh5d0592g8iuosdn4tgpwcltezjls.jpg]
[www.finedaysticker.com/wp-json/oembed/1.0/embed26be.json]
[www.finedaysticker.com/feed/index.html]
[www.finedaysticker.com/wp-json/oembed/1.0/embedbbe1]
[www.finedaysticker.com/wp-content/themes/bridge/js/plugins/ScrollToPlugin.min4d80.js]
[www.finedaysticker.com/wp-content/plugins/LayerSlider/static/layerslider/js/greensockb3a6.js]
[www.finedaysticker.com/wp-includes/js/jquery/jquery.minf43b.js]
[www.finedaysticker.com/wp-includes/js/jquery/jquery-migrate.min5589.js]
[www.finedaysticker.com/wp-content/plugins/LayerSlider/static/layerslider/js/layerslider.kreaturamedia.jquerycc6a.js]
[www.finedaysticker.com/wp-content/plugins/LayerSlider/static/layerslider/js/layerslider.transitionscc6a.js]
[www.finedaysticker.com/wp-content/plugins/google-analytics-for-wordpress/assets/js/frontend-gtag.minb7af.js]
[www.finedaysticker.com/wp-json/index.html]
[www.finedaysticker.com/wp-json/wp/v2/pages/2594.json]
[www.finedaysticker.com/xmlrpc0db0.php]
[www.finedaysticker.com/wp-content/uploads/2019/12/Favicon-2019.png]
[www.finedaysticker.com/wp-content/uploads/2019/12/FineDay-Sticker-Logo-Bar-2019-200.png]
[www.finedaysticker.com/wp-content/uploads/elementor/thumbs/FineDay-Sticker-Banner-2023-10-qdcs2k0qrf2zooh5d0592g8iuosdn4tgpwcmd9fte0.jpg]
[www.finedaysticker.com/wp-content/uploads/2023/10/Amazon-Cafe-150x150.jpg]
[www.finedaysticker.com/wp-content/uploads/2023/10/dcondo-150x150.jpg]
[www.finedaysticker.com/wp-content/uploads/2023/10/Shopee-Logo-150x150.jpg]
[www.finedaysticker.com/wp-content/uploads/2023/10/logo_industry-scaled-1-150x150.jpg]
[www.finedaysticker.com/wp-content/uploads/2023/10/UNIO-Condo-150x150.jpg]
[www.finedaysticker.com/wp-content/uploads/2023/10/Sweet-911-1-150x150.jpg]
[www.finedaysticker.com/wp-content/uploads/2023/10/Bangkok-Hospital-Logo-150x150.jpg]
[www.finedaysticker.com/wp-content/uploads/2023/10/Get-Logo-150x150.jpg]
[www.finedaysticker.com/wp-content/uploads/2023/10/CeTeau-150x150.jpg]
[www.finedaysticker.com/wp-content/uploads/2023/10/MOU_Logo-150x150.jpg]
[www.finedaysticker.com/wp-content/uploads/2023/10/ฉุย-150x150.jpg]
[www.finedaysticker.com/wp-content/uploads/2023/10/Music-Collection-150x150.jpg]
[www.finedaysticker.com/wp-content/uploads/2023/10/WORACHAK-150x150.jpg]
[www.finedaysticker.com/wp-content/uploads/2023/10/ZENFRY-150x150.jpg]
[www.finedaysticker.com/wp-content/uploads/2023/10/Dream-Cones-สติ๊กเกอร์ติดถ้วยไอศครีม.jpg]
[www.finedaysticker.com/wp-content/uploads/2021/09/หอมหรุ่นกุ้งเผา-สติ๊กเกอร์แบรนด์สินค้า.jpg]
[www.finedaysticker.com/wp-content/uploads/2021/09/หอมหรุ่นกุ้งเผา-สติ๊กเกอร์แบรนด์สินค้า-768x768.jpg]
[www.finedaysticker.com/wp-content/uploads/2019/12/สติ๊กเกอร์-ติดเครื่องดื่ม-Arabiga-Coffee.jpg]
[www.finedaysticker.com/category/บทความงานพิมพ์สติ๊กเกอ/index.html]
[www.finedaysticker.com/contact/index.html]
[www.finedaysticker.com/wp-content/uploads/2019/12/สติ๊กเกอร์-ติดเครื่องดื่ม-Arabiga-Coffee-768x768.jpg]
[www.finedaysticker.com/wp-content/uploads/2023/11/MENUT-HEALTHY-น้ำสลัด-Original.jpg]
[www.finedaysticker.com/wp-content/uploads/2021/09/Fruit-Wine-สติ๊กเกอร์แบรนด์สินค้า.jpg]
[www.finedaysticker.com/wp-content/uploads/2021/09/Fruit-Wine-สติ๊กเกอร์แบรนด์สินค้า-768x768.jpg]
[www.finedaysticker.com/wp-content/uploads/2021/09/Absolute-สติ๊กเกอร์แบรนด์-เครื่องดื่ม.jpg]
[www.finedaysticker.com/wp-content/uploads/2021/09/Absolute-สติ๊กเกอร์แบรนด์-เครื่องดื่ม-768x768.jpg]
[www.finedaysticker.com/wp-content/uploads/2021/09/Magic-Sauce-สติ๊กเกอร์แบรนด์สินค้า.jpg]
[www.finedaysticker.com/wp-content/uploads/2021/09/Magic-Sauce-สติ๊กเกอร์แบรนด์สินค้า-768x768.jpg]
[www.finedaysticker.com/wp-content/uploads/2021/09/ธนนท์-สติ๊กเกอร์แบรนด์สินค้า-ติดขวดน้ำกระชาย-2.jpg]
[www.finedaysticker.com/wp-content/uploads/2021/09/ธนนท์-สติ๊กเกอร์แบรนด์สินค้า-ติดขวดน้ำกระชาย-2-768x768.jpg]
[www.finedaysticker.com/wp-content/uploads/2021/09/HOM-สติ๊กเกอร์แบรนด์สินค้า.jpg]
[www.finedaysticker.com/wp-content/uploads/2021/09/HOM-สติ๊กเกอร์แบรนด์สินค้า-768x768.jpg]
[www.finedaysticker.com/wp-content/uploads/2021/09/Katty-Corner-สติ๊กเกอร์แบรนด์สินค้า-ติดขวดน้ำผลไม้.jpg]
[www.finedaysticker.com/wp-content/uploads/2020/02/สติ๊กเกอร์-ติดเครื่องดื่ม-ชา-กาแฟ-เฉาก๊วย-อีกาดำ.jpg]
[www.finedaysticker.com/wp-content/uploads/2021/09/ไร่สินทวี-สติ๊กเกอร์แบรนด์สินค้า-ติดขวดน้ำผลไม้.jpg]
[www.finedaysticker.com/wp-content/uploads/2021/09/2325251.jpg]
[www.finedaysticker.com/wp-content/uploads/2021/09/2325251-768x769.jpg]
[www.finedaysticker.com/portfolio/index.html]
[www.finedaysticker.com/wp-content/uploads/2021/09/สติ๊กเกอร์-ติด-Alcohol-Hand-Gel.jpg]
[www.finedaysticker.com/wp-content/uploads/2021/09/สติ๊กเกอร์-ติด-Alcohol-Hand-Gel-768x768.jpg]
[www.finedaysticker.com/wp-content/uploads/2020/01/สติ๊กเกอร์-เครื่องสำอางค์-สบู่-AURORA.jpg]
[www.finedaysticker.com/wp-content/uploads/2020/01/สติ๊กเกอร์-เครื่องสำอางค์-สบู่-AURORA-768x768.jpg]
[www.finedaysticker.com/wp-content/uploads/2020/01/สติ๊กเกอร์-เครื่องสำอางค์-ครีม-น้ำหอม-ยา-Black-Garlic.jpg]
[www.finedaysticker.com/wp-content/uploads/2020/01/สติ๊กเกอร์-เครื่องสำอางค์-ครีม-น้ำหอม-ยา-Black-Garlic-768x768.jpg]
[www.finedaysticker.com/wp-content/uploads/2022/12/MENUT-HEALTHY.jpg]
[www.finedaysticker.com/wp-content/uploads/2022/12/MENUT-HEALTHY-768x768.jpg]
[www.finedaysticker.com/wp-content/uploads/2022/10/LAZADA.jpg]
[www.finedaysticker.com/wp-content/uploads/2022/10/LAZADA-768x768.jpg]
[www.finedaysticker.com/wp-content/uploads/2020/08/Shopee.jpg]
[www.finedaysticker.com/wp-content/uploads/2020/08/Shopee-768x768.jpg]
[www.finedaysticker.com/wp-content/uploads/2022/08/Mixed-Veggies-and-Herbal-Drink.jpg]
[www.finedaysticker.com/wp-content/uploads/2022/08/Mixed-Veggies-and-Herbal-Drink-768x768.jpg]
[www.finedaysticker.com/wp-content/uploads/2021/09/สติ๊กเกอร์-ติดเครื่องสำอางค์-DERM.jpg]
[www.finedaysticker.com/wp-content/uploads/2021/09/สติ๊กเกอร์-ติดเครื่องสำอางค์-DERM-768x768.jpg]
[www.finedaysticker.com/wp-content/uploads/2021/09/เลิศสยามสตีล-สติ๊กเกอร์ติดขวดสเปรย์แอลกอฮอล์.jpg]
[www.finedaysticker.com/wp-content/uploads/2021/09/เลิศสยามสตีล-สติ๊กเกอร์ติดขวดสเปรย์แอลกอฮอล์-768x768.jpg]
[www.finedaysticker.com/wp-content/uploads/2021/09/สติ๊กเกอร์ติดสบู่.jpg]
[www.finedaysticker.com/wp-content/uploads/2021/09/สติ๊กเกอร์ติดสบู่-768x768.jpg]
[www.finedaysticker.com/wp-content/uploads/2020/01/สติ๊กเกอร์-เครื่องสำอางค์-Trinity-BLOSSOMS.jpg]
[www.finedaysticker.com/wp-content/uploads/2020/01/สติ๊กเกอร์-เครื่องสำอางค์-Trinity-BLOSSOMS-768x768.jpg]
[www.finedaysticker.com/wp-content/uploads/2026/04/Hoyu-Speed-Color.webp]
[www.finedaysticker.com/wp-content/uploads/2026/04/Hoyu-Speed-Color-768x768.webp]
[www.finedaysticker.com/wp-content/uploads/2022/07/DOM-SO-1.jpg]
[www.finedaysticker.com/wp-content/uploads/2022/07/DOM-SO-1-768x768.jpg]
[www.finedaysticker.com/wp-content/uploads/2022/07/HYPOXI-design-your-body-1.jpg]
[www.finedaysticker.com/wp-content/uploads/2022/07/HYPOXI-design-your-body-1-768x768.jpg]
[www.finedaysticker.com/wp-content/uploads/2022/08/M.D-EYEBROW.jpg]
[www.finedaysticker.com/wp-content/uploads/2022/08/M.D-EYEBROW-768x768.jpg]
[www.finedaysticker.com/wp-content/uploads/2020/02/Khun-Look-App-1.jpg]
[www.finedaysticker.com/wp-content/uploads/2020/02/Khun-Look-App-1-768x768.jpg]
[www.finedaysticker.com/wp-content/uploads/2019/12/สติ๊กเกอร์-ไดคัทตามแบบ-ตัดแจก-เป็นแผ่น-GET-2.jpg]
[www.finedaysticker.com/wp-content/uploads/2019/12/สติ๊กเกอร์-ไดคัทตามแบบ-ตัดแจก-เป็นแผ่น-GET-2-768x768.jpg]
[www.finedaysticker.com/wp-content/uploads/2021/09/TAO-KAE-NOI-สติ๊กเกอร์แบรนด์สินค้า-ไดคัทตัดแจกเป็นแผ่น.jpg]
[www.finedaysticker.com/wp-content/uploads/2021/09/TAO-KAE-NOI-สติ๊กเกอร์แบรนด์สินค้า-ไดคัทตัดแจกเป็นแผ่น-768x768.jpg]
[www.finedaysticker.com/wp-content/uploads/2021/09/สติ๊กเกอร์-ไดคัท-ตัดแจก-Bangkok-United.jpg]
[www.finedaysticker.com/wp-content/uploads/2021/09/สติ๊กเกอร์-ไดคัท-ตัดแจก-Bangkok-United-768x768.jpg]
[www.finedaysticker.com/wp-content/uploads/2021/09/GPS-THAI-STAR-สติ๊กเกอร์แบรนด์สินค้า-ไดคัทตัดแจกเป็นแผ่น.jpg]
[www.finedaysticker.com/wp-content/uploads/2021/09/GPS-THAI-STAR-สติ๊กเกอร์แบรนด์สินค้า-ไดคัทตัดแจกเป็นแผ่น-768x768.jpg]
[www.finedaysticker.com/wp-content/uploads/2021/09/SK-สติ๊กเกอร์ตัดแจกเป็นแผ่น.jpg]
[www.finedaysticker.com/wp-content/uploads/2021/09/SK-สติ๊กเกอร์ตัดแจกเป็นแผ่น-768x768.jpg]
[www.finedaysticker.com/wp-content/uploads/2019/12/สติ๊กเกอร์-ไดคัทตามแบบ-ตัดแจก-เป็นแผ่น-GET.jpg]
[www.finedaysticker.com/wp-content/uploads/2019/12/สติ๊กเกอร์-ไดคัทตามแบบ-ตัดแจก-เป็นแผ่น-GET-768x768.jpg]
[www.finedaysticker.com/wp-content/uploads/2019/12/สติ๊กเกอร์-ไดคัทเป็นดวง-ตัดแจก-การ์ตูนเกาหลี-BLACKPINK.jpg]
[www.finedaysticker.com/wp-content/uploads/2019/12/สติ๊กเกอร์-ไดคัทเป็นดวง-ตัดแจก-การ์ตูนเกาหลี-BLACKPINK-768x768.jpg]
[www.finedaysticker.com/wp-content/uploads/2021/09/PVC-สูญญากาศ-Mitsubishi.jpg]
[www.finedaysticker.com/wp-content/uploads/2021/09/PVC-สูญญากาศ-Mitsubishi-768x768.jpg]
[www.finedaysticker.com/wp-content/uploads/2020/02/PVC-Vacumn-UNIO-RAMA-2.jpg]
[www.finedaysticker.com/wp-content/uploads/2020/02/PVC-Vacumn-UNIO-RAMA-2-768x768.jpg]
[www.finedaysticker.com/wp-content/uploads/2021/09/PVC-สูญญากาศ-TOWN-AVENUE.jpg]
[www.finedaysticker.com/wp-content/uploads/2021/09/PVC-สูญญากาศ-TOWN-AVENUE-768x768.jpg]
[www.finedaysticker.com/wp-content/uploads/2021/09/PVC-สูญญากาศ-THE-LINE.jpg]
[www.finedaysticker.com/wp-content/uploads/2021/09/PVC-สูญญากาศ-THE-LINE-768x768.jpg]
[www.finedaysticker.com/wp-content/uploads/2022/10/The-LINE-Phahonyothin-Park-B.jpg]
[www.finedaysticker.com/wp-content/uploads/2022/10/The-LINE-Phahonyothin-Park-B-768x768.jpg]
[www.finedaysticker.com/wp-content/uploads/2021/09/สติ๊กเกอร์-ไดคัทตามแบบ-ตัดแจก-เป็นแผ่น-บ้านราชพฤกษ์-สุวินทวงศ์-1.jpg]
[www.finedaysticker.com/wp-content/uploads/2021/09/สติ๊กเกอร์-ไดคัทตามแบบ-ตัดแจก-เป็นแผ่น-บ้านราชพฤกษ์-สุวินทวงศ์-1-768x768.jpg]
[www.finedaysticker.com/wp-content/uploads/2021/09/PVC-สูญญากาศ-กระทรวงอุตสาหกรรม.jpg]
[www.finedaysticker.com/wp-content/uploads/2021/09/PVC-สูญญากาศ-กระทรวงอุตสาหกรรม-768x768.jpg]
[www.finedaysticker.com/wp-content/uploads/2021/09/PVC-สูญญากาศ-ไม่มีกาว-ตัดแจกเป็นแผ่น-Town-Avenue.jpg]
[www.finedaysticker.com/wp-content/uploads/2021/09/PVC-สูญญากาศ-ไม่มีกาว-ตัดแจกเป็นแผ่น-Town-Avenue-768x768.jpg]
[www.finedaysticker.com/wp-content/uploads/2020/11/JONPA-DO-IT-ALL.jpg]
[www.finedaysticker.com/wp-content/uploads/2020/11/JONPA-DO-IT-ALL-768x768.jpg]
[www.finedaysticker.com/wp-content/uploads/2021/09/Disney-Princess.jpg]
[www.finedaysticker.com/wp-content/uploads/2021/09/Disney-Princess-768x768.jpg]
[www.finedaysticker.com/wp-content/uploads/2021/09/Draco-สติ๊กเกอร์โฮโลแกรม-1.jpg]
[www.finedaysticker.com/wp-content/uploads/2021/09/Draco-สติ๊กเกอร์โฮโลแกรม-1-768x768.jpg]
[www.finedaysticker.com/wp-content/uploads/2022/08/Best-Products-Red-100.jpg]
[www.finedaysticker.com/wp-content/uploads/2022/08/Best-Products-Red-100-768x768.jpg]
[www.finedaysticker.com/wp-content/uploads/2022/08/Best-Quality-100.jpg]
[www.finedaysticker.com/wp-content/uploads/2022/08/Best-Quality-100-768x768.jpg]
[www.finedaysticker.com/wp-content/uploads/2022/08/Best-Choice-100.jpg]
[www.finedaysticker.com/wp-content/uploads/2022/08/Best-Choice-100-768x768.jpg]
[www.finedaysticker.com/wp-content/uploads/2022/08/Best-Products-Blue-100.jpg]
[www.finedaysticker.com/wp-content/uploads/2022/08/Best-Products-Blue-100-768x768.jpg]
[www.finedaysticker.com/wp-content/uploads/2022/07/Sanzio.jpg]
[www.finedaysticker.com/wp-content/uploads/2022/07/Sanzio-768x768.jpg]
[www.finedaysticker.com/wp-content/uploads/2021/09/สติ๊กเกอร์-QR-Codeเครื่องปั้มนม.jpg]
[www.finedaysticker.com/wp-content/uploads/2021/09/สติ๊กเกอร์-QR-Codeเครื่องปั้มนม-768x768.jpg]
[www.finedaysticker.com/wp-content/uploads/2021/09/สติ๊กเกอร์-สคบ.-ฉลากสินค้า-Over-The-Moon.jpg]
[www.finedaysticker.com/wp-content/uploads/2021/09/สติ๊กเกอร์-สคบ.-ฉลากสินค้า-Over-The-Moon-768x768.jpg]
[www.finedaysticker.com/wp-content/uploads/2021/09/ENKEL100.jpg]
[www.finedaysticker.com/wp-content/uploads/2021/09/ENKEL100-768x768.jpg]
[www.finedaysticker.com/wp-content/uploads/2020/11/OVERFLY.jpg]
[www.finedaysticker.com/wp-content/uploads/2020/11/OVERFLY-768x768.jpg]
[www.finedaysticker.com/wp-content/uploads/2021/09/สติ๊กเกอร์ซีทรู-ติดกระจก-CAT.jpg]
[www.finedaysticker.com/wp-content/uploads/2021/09/สติ๊กเกอร์ซีทรู-ติดกระจก-CAT-768x768.jpg]
[www.finedaysticker.com/wp-content/uploads/2020/11/RST-MEP.jpg]
[www.finedaysticker.com/wp-content/uploads/2020/11/RST-MEP-768x768.jpg]
[www.finedaysticker.com/wp-content/uploads/2021/09/สติ๊กเกอร์ติดผนังห้าง.jpg]
[www.finedaysticker.com/wp-content/uploads/2021/09/สติ๊กเกอร์ติดผนังห้าง-768x768.jpg]
[www.finedaysticker.com/wp-content/uploads/2021/09/สติ๊กเกอร์ติดตู้แช่-Dream-Cones.jpg]
[www.finedaysticker.com/wp-content/uploads/2021/09/สติ๊กเกอร์ติดตู้แช่-Dream-Cones-768x768.jpg]
[www.finedaysticker.com/wp-content/uploads/2021/09/สติ๊กเกอร์ติดผนัง-ป้ายร้าน-Green-Zone-Coffee.jpg]
[www.finedaysticker.com/wp-content/uploads/2021/09/สติ๊กเกอร์ติดผนัง-ป้ายร้าน-Green-Zone-Coffee-768x768.jpg]
[www.finedaysticker.com/wp-content/uploads/2021/09/Thai-Cuisine-Dine-in-สติ๊กเกอร์-ติดกระจก-ผนัง-ห้างฯ-ร้านค้าต่างๆ.jpg]
[www.finedaysticker.com/wp-content/uploads/2021/09/Thai-Cuisine-Dine-in-สติ๊กเกอร์-ติดกระจก-ผนัง-ห้างฯ-ร้านค้าต่างๆ-768x768.jpg]
[www.finedaysticker.com/wp-content/uploads/2019/12/สติ๊กเกอร์-ติดกระจก-ไดคัทตามอักษร-ENGINOU-PLAY.jpg]
[www.finedaysticker.com/wp-content/uploads/2019/12/สติ๊กเกอร์-ติดกระจก-ไดคัทตามอักษร-ENGINOU-PLAY-768x768.jpg]
[www.finedaysticker.com/wp-content/uploads/2020/01/สติ๊กเกอร์-ติดกระจก-ไดคัทตามอักษร-LG-Container.jpg]
[www.finedaysticker.com/wp-content/uploads/2020/01/สติ๊กเกอร์-ติดกระจก-ไดคัทตามอักษร-LG-Container-768x768.jpg]
[www.finedaysticker.com/wp-content/uploads/2021/09/สติ๊กเกอร์-ติดกระจก-ผนัง-ห้างฯ-ร้านค้า-วิถีสุภาพบุรุษ-สาขา-2.jpg]
[www.finedaysticker.com/wp-content/uploads/2021/09/สติ๊กเกอร์-ติดกระจก-ผนัง-ห้างฯ-ร้านค้า-วิถีสุภาพบุรุษ-สาขา-2-768x768.jpg]
[www.finedaysticker.com/wp-content/uploads/2021/09/สติ๊กเกอร์-ติดกระจก-ไดคัทตามอักษร-Kudos-Coffee.jpg]
[www.finedaysticker.com/wp-content/uploads/2021/09/สติ๊กเกอร์-ติดกระจก-ไดคัทตามอักษร-Kudos-Coffee-768x768.jpg]
[www.finedaysticker.com/wp-content/uploads/2021/09/สติ๊กเกอร์ติดกระจกรถ.jpg]
[www.finedaysticker.com/wp-content/uploads/2021/09/สติ๊กเกอร์ติดกระจกรถ-768x768.jpg]
[www.finedaysticker.com/wp-content/uploads/2021/09/สติ๊กเกอร์ติดรถ.jpg]
[www.finedaysticker.com/wp-content/uploads/2021/09/สติ๊กเกอร์ติดรถ-Mitsubishi.jpg]
[www.finedaysticker.com/wp-content/uploads/2021/09/สติ๊กเกอร์ติดรถ-Mitsubishi-768x768.jpg]
[www.finedaysticker.com/wp-content/uploads/2021/09/สติ๊กเกอร์ติดรถ-2.jpg]
[www.finedaysticker.com/wp-content/uploads/2023/01/How-to-order-001.jpg]
[www.finedaysticker.com/wp-content/uploads/2023/01/How-to-order-002.jpg]
[www.finedaysticker.com/wp-content/uploads/2023/01/How-to-order-003.jpg]
[www.finedaysticker.com/wp-content/uploads/2023/01/How-to-order-004.jpg]
[www.finedaysticker.com/wp-content/uploads/2023/01/How-to-order-005.jpg]
[www.finedaysticker.com/wp-content/uploads/2023/01/How-to-order-006.jpg]
[www.finedaysticker.com/wp-content/uploads/2019/12/MATERIAL.jpg]
[www.finedaysticker.com/wp-content/uploads/2019/12/Kerry.jpg]
[www.finedaysticker.com/wp-content/uploads/2022/09/GRAB-Express.jpg]
[www.finedaysticker.com/wp-content/uploads/2019/12/LINE-Man.jpg]
[www.finedaysticker.com/wp-content/uploads/2019/12/ThaiPost.jpg]
[www.finedaysticker.com/wp-includes/js/dist/hooks.minaf5f.js]
[www.finedaysticker.com/wp-includes/js/dist/i18n.min1cde.js]
[www.finedaysticker.com/wp-content/plugins/contact-form-7/includes/swv/js/indexb5e1.js]
[www.finedaysticker.com/wp-content/plugins/contact-form-7/includes/js/indexb5e1.js]
[www.finedaysticker.com/wp-content/plugins/qi-blocks/assets/dist/maine29d.js]
[www.finedaysticker.com/wp-content/plugins/revslider/public/assets/js/rbtools.min0660.js]
[www.finedaysticker.com/wp-content/plugins/revslider/public/assets/js/rs6.min0660.js]
[www.finedaysticker.com/wp-content/plugins/elementor/assets/js/webpack.runtime.minfa0c.js]
[www.finedaysticker.com/wp-content/plugins/elementor/assets/js/frontend-modules.minfa0c.js]
[www.finedaysticker.com/wp-includes/js/jquery/ui/core.minb37e.js]
[www.finedaysticker.com/wp-content/plugins/elementor/assets/js/frontend.minfa0c.js]
[www.finedaysticker.com/wp-content/plugins/qi-addons-for-elementor/assets/plugins/swiper/8.4.5/swiper.min94a4.js]
[www.finedaysticker.com/wp-content/plugins/qi-addons-for-elementor/assets/js/main.min055b.js]
[www.finedaysticker.com/wp-includes/js/jquery/ui/accordion.minb37e.js]
[www.finedaysticker.com/wp-includes/js/jquery/ui/menu.minb37e.js]
[www.finedaysticker.com/wp-includes/js/dist/dom-ready.min5346.js]
[www.finedaysticker.com/wp-includes/js/dist/a11y.min1b1c.js]
[www.finedaysticker.com/wp-includes/js/jquery/ui/autocomplete.minb37e.js]
[www.finedaysticker.com/wp-includes/js/jquery/ui/controlgroup.minb37e.js]
[www.finedaysticker.com/wp-includes/js/jquery/ui/checkboxradio.minb37e.js]
[www.finedaysticker.com/wp-includes/js/jquery/ui/button.minb37e.js]
[www.finedaysticker.com/wp-includes/js/jquery/ui/datepicker.minb37e.js]
[www.finedaysticker.com/wp-includes/js/jquery/ui/mouse.minb37e.js]
[www.finedaysticker.com/wp-includes/js/jquery/ui/resizable.minb37e.js]
[www.finedaysticker.com/wp-includes/js/jquery/ui/draggable.minb37e.js]
[www.finedaysticker.com/wp-includes/js/jquery/ui/dialog.minb37e.js]
[www.finedaysticker.com/wp-includes/js/jquery/ui/droppable.minb37e.js]
[www.finedaysticker.com/wp-includes/js/jquery/ui/progressbar.minb37e.js]
[www.finedaysticker.com/wp-includes/js/jquery/ui/selectable.minb37e.js]
[www.finedaysticker.com/wp-includes/js/jquery/ui/sortable.minb37e.js]
[www.finedaysticker.com/wp-includes/js/jquery/ui/slider.minb37e.js]
[www.finedaysticker.com/wp-includes/js/jquery/ui/spinner.minb37e.js]
[www.finedaysticker.com/wp-includes/js/jquery/ui/tooltip.minb37e.js]
[www.finedaysticker.com/wp-includes/js/jquery/ui/tabs.minb37e.js]
[www.finedaysticker.com/wp-includes/js/jquery/ui/effect.minb37e.js]
[www.finedaysticker.com/wp-includes/js/jquery/ui/effect-blind.minb37e.js]
[www.finedaysticker.com/wp-includes/js/jquery/ui/effect-bounce.minb37e.js]
[www.finedaysticker.com/wp-includes/js/jquery/ui/effect-clip.minb37e.js]
[www.finedaysticker.com/wp-includes/js/jquery/ui/effect-drop.minb37e.js]
[www.finedaysticker.com/wp-includes/js/jquery/ui/effect-explode.minb37e.js]
[www.finedaysticker.com/wp-includes/js/jquery/ui/effect-fade.minb37e.js]
[www.finedaysticker.com/wp-includes/js/jquery/ui/effect-fold.minb37e.js]
[www.finedaysticker.com/wp-includes/js/jquery/ui/effect-highlight.minb37e.js]
[www.finedaysticker.com/wp-includes/js/jquery/ui/effect-pulsate.minb37e.js]
[www.finedaysticker.com/wp-includes/js/jquery/ui/effect-size.minb37e.js]
[www.finedaysticker.com/wp-includes/js/jquery/ui/effect-scale.minb37e.js]
[www.finedaysticker.com/wp-includes/js/jquery/ui/effect-shake.minb37e.js]
[www.finedaysticker.com/wp-includes/js/jquery/ui/effect-slide.minb37e.js]
[www.finedaysticker.com/wp-includes/js/jquery/ui/effect-transfer.minb37e.js]
[www.finedaysticker.com/wp-content/themes/bridge/js/plugins/doubletaptogo4d80.js]
[www.finedaysticker.com/wp-content/themes/bridge/js/plugins/modernizr.min4d80.js]
[www.finedaysticker.com/wp-content/themes/bridge/js/plugins/jquery.appear4d80.js]
[www.finedaysticker.com/wp-includes/js/hoverIntent.min3e5a.js]
[www.finedaysticker.com/wp-content/themes/bridge/js/plugins/counter4d80.js]
[www.finedaysticker.com/wp-content/themes/bridge/js/plugins/easypiechart4d80.js]
[www.finedaysticker.com/wp-content/themes/bridge/js/plugins/mixitup4d80.js]
[www.finedaysticker.com/wp-content/themes/bridge/js/plugins/jquery.prettyPhoto4d80.js]
[www.finedaysticker.com/wp-content/themes/bridge/js/plugins/jquery.fitvids4d80.js]
[www.finedaysticker.com/wp-content/themes/bridge/js/plugins/jquery.flexslider-min4d80.js]
[www.finedaysticker.com/wp-includes/js/mediaelement/mediaelement-and-player.min1f61.js]
[www.finedaysticker.com/wp-includes/js/mediaelement/mediaelement-migrate.min4d80.js]
[www.finedaysticker.com/wp-includes/js/mediaelement/wp-mediaelement.min4d80.js]
[www.finedaysticker.com/wp-content/themes/bridge/js/plugins/infinitescroll.min4d80.js]
[www.finedaysticker.com/wp-content/themes/bridge/js/plugins/jquery.waitforimages4d80.js]
[www.finedaysticker.com/wp-includes/js/jquery/jquery.form.minb2f9.js]
[www.finedaysticker.com/wp-content/themes/bridge/js/plugins/waypoints.min4d80.js]
[www.finedaysticker.com/wp-content/themes/bridge/js/plugins/jplayer.min4d80.js]
[www.finedaysticker.com/wp-content/themes/bridge/js/plugins/bootstrap.carousel4d80.js]
[www.finedaysticker.com/wp-content/themes/bridge/js/plugins/skrollr4d80.js]
[www.finedaysticker.com/wp-content/plugins/qi-addons-for-elementor/inc/shortcodes/charts/assets/js/plugins/Chart.min68b3.js]
[www.finedaysticker.com/wp-content/themes/bridge/js/plugins/jquery.easing.1.34d80.js]
[www.finedaysticker.com/wp-content/themes/bridge/js/plugins/abstractBaseClass4d80.js]
[www.finedaysticker.com/wp-content/themes/bridge/js/plugins/jquery.countdown4d80.js]
[www.finedaysticker.com/wp-content/themes/bridge/js/plugins/jquery.multiscroll.min4d80.js]
[www.finedaysticker.com/wp-content/themes/bridge/js/plugins/jquery.justifiedGallery.min4d80.js]
[www.finedaysticker.com/wp-content/themes/bridge/js/plugins/bigtext4d80.js]
[www.finedaysticker.com/wp-content/themes/bridge/js/plugins/jquery.sticky-kit.min4d80.js]
[www.finedaysticker.com/wp-content/themes/bridge/js/plugins/owl.carousel.min4d80.js]
[www.finedaysticker.com/wp-content/plugins/qi-addons-for-elementor/inc/shortcodes/typeout-text/assets/js/plugins/typed68b3.js]
[www.finedaysticker.com/wp-content/themes/bridge/js/plugins/fluidvids.min4d80.js]
[www.finedaysticker.com/wp-content/themes/bridge/js/plugins/jquery.carouFredSel-6.2.1.min4d80.js]
[www.finedaysticker.com/wp-content/themes/bridge/js/plugins/lemmon-slider.min4d80.js]
[www.finedaysticker.com/wp-content/themes/bridge/js/plugins/jquery.fullPage.min4d80.js]
[www.finedaysticker.com/wp-content/themes/bridge/js/plugins/jquery.mousewheel.min4d80.js]
[www.finedaysticker.com/wp-content/themes/bridge/js/plugins/jquery.touchSwipe.min4d80.js]
[www.finedaysticker.com/wp-content/themes/bridge/js/plugins/jquery.isotope.min4d80.js]
[www.finedaysticker.com/wp-content/plugins/qi-blocks/inc/masonry/assets/plugins/packery-mode.pkgd.min7406.js]
[www.finedaysticker.com/wp-content/themes/bridge/js/plugins/jquery.stretch4d80.js]
[www.finedaysticker.com/wp-content/themes/bridge/js/plugins/imagesloaded4d80.js]
[www.finedaysticker.com/wp-content/themes/bridge/js/plugins/rangeslider.min4d80.js]
[www.finedaysticker.com/wp-content/themes/bridge/js/plugins/jquery.event.move4d80.js]
[www.finedaysticker.com/wp-content/plugins/qi-addons-for-elementor/inc/shortcodes/before-after/assets/js/plugins/jquery.twentytwenty4d80.js]
[www.finedaysticker.com/wp-content/themes/bridge/js/plugins/TweenLite.min4d80.js]
[www.finedaysticker.com/wp-content/themes/bridge/js/plugins/smoothPageScroll.min4d80.js]
[www.finedaysticker.com/wp-content/themes/bridge/js/default.min4d80.js]
[www.finedaysticker.com/wp-content/plugins/js_composer/assets/js/dist/js_composer_front.minf7be.js]
[www.finedaysticker.com/wp-content/themes/bridge/js/plugins/qode-like.min4d80.js]
[www.finedaysticker.com/wp-content/plugins/elementor-pro/assets/lib/smartmenus/jquery.smartmenus.min1576.js]
[www.finedaysticker.com/wp-content/plugins/qi-addons-for-elementor/inc/plugins/elementor/assets/js/elementor4d80.js]
[www.finedaysticker.com/wp-content/plugins/elementor-pro/assets/js/webpack-pro.runtime.minc8a6.js]
[www.finedaysticker.com/wp-content/plugins/elementor-pro/assets/js/frontend.minc8a6.js]
[www.finedaysticker.com/wp-content/plugins/elementor-pro/assets/js/elements-handlers.minc8a6.js]
[www.finedaysticker.com/index.html]
[www.finedaysticker.com/wp-content/plugins/qi-blocks/assets/css/plugins/animate/animate.min0235.css]
[www.finedaysticker.com/wp-content/plugins/LayerSlider/static/layerslider/img/icon-muted-white.png]
[www.finedaysticker.com/wp-content/plugins/LayerSlider/static/layerslider/css/layerslidercc6a.css]
[www.finedaysticker.com/wp-content/plugins/LayerSlider/static/layerslider/img/icon-unmuted-white.png]
[www.finedaysticker.com/wp-content/plugins/header-footer-elementor/inc/widgets-css/frontenda1ec.css]
[www.finedaysticker.com/wp-content/plugins/blog-designer-pack/assets/css/font-awesome.min1cf2.css]
[www.finedaysticker.com/wp-content/plugins/blog-designer-pack/assets/css/owl.video.play.png]
[www.finedaysticker.com/wp-content/plugins/blog-designer-pack/assets/css/owl.carousel.min1cf2.css]
[www.finedaysticker.com/wp-content/plugins/blog-designer-pack/assets/css/bdpp-public.min1cf2.css]
[www.finedaysticker.com/wp-content/plugins/contact-form-7/includes/css/stylesb5e1.css]
[www.finedaysticker.com/wp-content/plugins/marvy-animation-addons-for-elementor-lite/elementor/assets/css/marvy-customb34d.css]
[www.finedaysticker.com/wp-content/plugins/qi-blocks/assets/dist/gride29d.css]
[www.finedaysticker.com/wp-content/plugins/qi-blocks/assets/dist/maine29d.css]
[www.finedaysticker.com/wp-content/plugins/advanced-backgrounds/assets/awb/awb.min6ef3.css]
[www.finedaysticker.com/wp-content/plugins/header-footer-elementor/assets/css/header-footer-elementora1ec.css]
[www.finedaysticker.com/wp-content/plugins/elementor/assets/css/frontend.minfa0c.css]
[www.finedaysticker.com/wp-content/uploads/elementor/css/post-13580e21.css]
[www.finedaysticker.com/wp-content/plugins/elementor/assets/css/widget-spacer.minfa0c.css]
[www.finedaysticker.com/wp-content/plugins/elementor/assets/css/widget-image.minfa0c.css]
[www.finedaysticker.com/wp-content/plugins/elementor-pro/assets/css/modules/motion-fx.minc8a6.css]
[www.finedaysticker.com/wp-content/plugins/elementor/assets/css/widget-icon-list.minfa0c.css]
[www.finedaysticker.com/wp-content/plugins/elementor/assets/css/widget-divider.minfa0c.css]
[www.finedaysticker.com/wp-content/plugins/elementor/assets/lib/animations/styles/e-animation-grow.minfa0c.css]
[www.finedaysticker.com/wp-content/plugins/elementor/assets/css/widget-icon-box.minfa0c.css]
[www.finedaysticker.com/wp-content/plugins/elementor/assets/css/widget-google_maps.minfa0c.css]
[www.finedaysticker.com/wp-content/uploads/elementor/css/post-2594dca0.css]
[www.finedaysticker.com/wp-content/uploads/elementor/css/post-1868dca0.css]
[www.finedaysticker.com/wp-content/plugins/qi-addons-for-elementor/assets/css/grid.min055b.css]
[www.finedaysticker.com/wp-content/plugins/qi-addons-for-elementor/assets/css/helper-parts.min055b.css]
[www.finedaysticker.com/wp-content/plugins/qi-addons-for-elementor/assets/css/main.min055b.css]
[www.finedaysticker.com/wp-includes/js/mediaelement/mediaelementplayer-legacy.min1f61.css]
[www.finedaysticker.com/wp-includes/js/mediaelement/wp-mediaelement.min4d80.css]
[www.finedaysticker.com/wp-content/themes/bridge/style4d80.css]
[www.finedaysticker.com/wp-content/themes/bridge/css/font-awesome/fonts/fontawesome-webfont3e6e.eot]
[www.finedaysticker.com/wp-content/themes/bridge/css/font-awesome/fonts/fontawesome-webfontd41d.eot]
[www.finedaysticker.com/wp-content/themes/bridge/css/font-awesome/fonts/fontawesome-webfont3e6e.woff]
[www.finedaysticker.com/wp-content/themes/bridge/css/font-awesome/fonts/fontawesome-webfont3e6e.ttf]
[www.finedaysticker.com/wp-content/themes/bridge/css/font-awesome/css/font-awesome.min4d80.css]
[www.finedaysticker.com/wp-content/themes/bridge/css/elegant-icons/fonts/ElegantIcons.eot]
[www.finedaysticker.com/wp-content/themes/bridge/css/elegant-icons/fonts/ElegantIconsd41d.eot]
[www.finedaysticker.com/wp-content/themes/bridge/css/elegant-icons/fonts/ElegantIcons.woff]
[www.finedaysticker.com/wp-content/themes/bridge/css/elegant-icons/fonts/ElegantIcons.ttf]
[www.finedaysticker.com/wp-content/themes/bridge/css/elegant-icons/style.min4d80.css]
[www.finedaysticker.com/wp-content/themes/bridge/css/linea-icons/arrows/fonts/linea-arrows-10.eot]
[www.finedaysticker.com/wp-content/themes/bridge/css/linea-icons/arrows/fonts/linea-arrows-10d41d.eot]
[www.finedaysticker.com/wp-content/themes/bridge/css/linea-icons/arrows/fonts/linea-arrows-10.woff]
[www.finedaysticker.com/wp-content/themes/bridge/css/linea-icons/arrows/fonts/linea-arrows-10.ttf]
[www.finedaysticker.com/wp-content/themes/bridge/css/linea-icons/basic/fonts/linea-basic-10.eot]
[www.finedaysticker.com/wp-content/themes/bridge/css/linea-icons/basic/fonts/linea-basic-10d41d.eot]
[www.finedaysticker.com/wp-content/themes/bridge/css/linea-icons/basic/fonts/linea-basic-10.woff]
[www.finedaysticker.com/wp-content/themes/bridge/css/linea-icons/basic/fonts/linea-basic-10.ttf]
[www.finedaysticker.com/wp-content/themes/bridge/css/linea-icons/basic-elaboration/fonts/linea-basic-elaboration-10.eot]
[www.finedaysticker.com/wp-content/themes/bridge/css/linea-icons/basic-elaboration/fonts/linea-basic-elaboration-10d41d.eot]
[www.finedaysticker.com/wp-content/themes/bridge/css/linea-icons/basic-elaboration/fonts/linea-basic-elaboration-10.woff]
[www.finedaysticker.com/wp-content/themes/bridge/css/linea-icons/basic-elaboration/fonts/linea-basic-elaboration-10.ttf]
[www.finedaysticker.com/wp-content/themes/bridge/css/linea-icons/ecommerce/fonts/linea-ecommerce-10.eot]
[www.finedaysticker.com/wp-content/themes/bridge/css/linea-icons/ecommerce/fonts/linea-ecommerce-10d41d.eot]
[www.finedaysticker.com/wp-content/themes/bridge/css/linea-icons/ecommerce/fonts/linea-ecommerce-10.woff]
[www.finedaysticker.com/wp-content/themes/bridge/css/linea-icons/ecommerce/fonts/linea-ecommerce-10.ttf]
[www.finedaysticker.com/wp-content/themes/bridge/css/linea-icons/music/fonts/linea-music-10.eot]
[www.finedaysticker.com/wp-content/themes/bridge/css/linea-icons/music/fonts/linea-music-10d41d.eot]
[www.finedaysticker.com/wp-content/themes/bridge/css/linea-icons/music/fonts/linea-music-10.woff]
[www.finedaysticker.com/wp-content/themes/bridge/css/linea-icons/music/fonts/linea-music-10.ttf]
[www.finedaysticker.com/wp-content/themes/bridge/css/linea-icons/software/fonts/linea-software-10.eot]
[www.finedaysticker.com/wp-content/themes/bridge/css/linea-icons/software/fonts/linea-software-10d41d.eot]
[www.finedaysticker.com/wp-content/themes/bridge/css/linea-icons/software/fonts/linea-software-10.woff]
[www.finedaysticker.com/wp-content/themes/bridge/css/linea-icons/software/fonts/linea-software-10.ttf]
[www.finedaysticker.com/wp-content/themes/bridge/css/linea-icons/weather/fonts/linea-weather-10.eot]
[www.finedaysticker.com/wp-content/themes/bridge/css/linea-icons/weather/fonts/linea-weather-10d41d.eot]
[www.finedaysticker.com/wp-content/themes/bridge/css/linea-icons/weather/fonts/linea-weather-10.woff]
[www.finedaysticker.com/wp-content/themes/bridge/css/linea-icons/weather/fonts/linea-weather-10.ttf]
[www.finedaysticker.com/wp-content/themes/bridge/css/linea-icons/style4d80.css]
[www.finedaysticker.com/wp-content/themes/bridge/css/dripicons/fonts/dripicons-v2.eot]
[www.finedaysticker.com/wp-content/themes/bridge/css/dripicons/fonts/dripicons-v2d41d.eot]
[www.finedaysticker.com/wp-content/themes/bridge/css/dripicons/fonts/dripicons-v2.woff]
[www.finedaysticker.com/wp-content/themes/bridge/css/dripicons/fonts/dripicons-v2.ttf]
[www.finedaysticker.com/wp-content/themes/bridge/css/dripicons/dripicons4d80.css]
[www.finedaysticker.com/wp-content/themes/bridge/css/kiko/webfonts/fontkikolight.eot]
[www.finedaysticker.com/wp-content/themes/bridge/css/kiko/webfonts/fontkikolight.woff]
[www.finedaysticker.com/wp-content/themes/bridge/css/kiko/webfonts/fontkikolight.otf]
[www.finedaysticker.com/wp-content/themes/bridge/css/kiko/webfonts/fontkikoreg.eot]
[www.finedaysticker.com/wp-content/themes/bridge/css/kiko/webfonts/fontkikoreg.woff]
[www.finedaysticker.com/wp-content/themes/bridge/css/kiko/webfonts/fontkikoreg.otf]
[www.finedaysticker.com/wp-content/themes/bridge/css/kiko/webfonts/fontkikosolid.eot]
[www.finedaysticker.com/wp-content/themes/bridge/css/kiko/webfonts/fontkikosolid.woff]
[www.finedaysticker.com/wp-content/themes/bridge/css/kiko/webfonts/fontkikosolid.otf]
[www.finedaysticker.com/wp-content/themes/bridge/css/kiko/kiko-all4d80.css]
[www.finedaysticker.com/wp-content/themes/bridge/css/font-awesome-5/webfonts/fa-brands-400.ttf]
[www.finedaysticker.com/wp-content/themes/bridge/css/font-awesome-5/webfonts/fa-regular-400.ttf]
[www.finedaysticker.com/wp-content/themes/bridge/css/font-awesome-5/webfonts/fa-solid-900.ttf]
[www.finedaysticker.com/wp-content/themes/bridge/css/font-awesome-5/css/font-awesome-5.min4d80.css]
[www.finedaysticker.com/wp-content/themes/bridge/css/img/pixel-video.png]
[www.finedaysticker.com/wp-content/themes/bridge/css/img/box_image_shadow.png]
[www.finedaysticker.com/wp-content/themes/bridge/css/img/portfolio_list_button.png]
[www.finedaysticker.com/wp-content/themes/bridge/css/img/portfolio_list_button_hover.png]
[www.finedaysticker.com/wp-content/themes/bridge/css/img/portfolio_list_button@1_5x.png]
[www.finedaysticker.com/wp-content/themes/bridge/css/img/portfolio_list_button_hover@1_5x.png]
[www.finedaysticker.com/wp-content/themes/bridge/css/img/portfolio_list_button@2x.png]
[www.finedaysticker.com/wp-content/themes/bridge/css/img/portfolio_list_button_hover@2x.png]
[www.finedaysticker.com/wp-content/themes/bridge/css/img/button-bg-px.png]
[www.finedaysticker.com/wp-content/themes/bridge/css/img/cursor_plus.png]
[www.finedaysticker.com/wp-content/themes/bridge/css/img/plus.png]
[www.finedaysticker.com/wp-content/themes/bridge/css/img/minus.png]
[www.finedaysticker.com/wp-content/themes/bridge/css/img/plus@1_5x.png]
[www.finedaysticker.com/wp-content/themes/bridge/css/img/minus@1_5x.png]
[www.finedaysticker.com/wp-content/themes/bridge/css/img/plus@2x.png]
[www.finedaysticker.com/wp-content/themes/bridge/css/img/minus@2x.png]
[www.finedaysticker.com/wp-content/themes/bridge/css/img/close_side_menu.png]
[www.finedaysticker.com/wp-content/themes/bridge/css/img/close_side_menu@2x.png]
[www.finedaysticker.com/wp-content/themes/bridge/css/img/close_side_menu_dark.png]
[www.finedaysticker.com/wp-content/themes/bridge/css/img/close_side_menu_dark@2x.png]
[www.finedaysticker.com/wp-content/themes/bridge/css/img/prettyPhoto/sprite.png]
[www.finedaysticker.com/wp-content/themes/bridge/css/img/prettyPhoto/sprite_x.png]
[www.finedaysticker.com/wp-content/themes/bridge/css/img/prettyPhoto/sprite_y.png]
[www.finedaysticker.com/wp-content/themes/bridge/css/img/prettyPhoto/sprite_next.png]
[www.finedaysticker.com/wp-content/themes/bridge/css/img/prettyPhoto/sprite_prev.png]
[www.finedaysticker.com/wp-content/themes/bridge/css/img/prettyPhoto/default_thumb.png]
[www.finedaysticker.com/wp-content/themes/bridge/css/img/prettyPhoto/loader.gif]
[www.finedaysticker.com/wp-content/themes/bridge/images/prettyPhoto/facebook/default_thumbnail.gif]
[www.finedaysticker.com/wp-content/themes/bridge/css/img/audio/controls.png]
[www.finedaysticker.com/wp-content/themes/bridge/css/img/audio/play.png]
[www.finedaysticker.com/wp-content/themes/bridge/css/img/audio/pause.png]
[www.finedaysticker.com/wp-content/themes/bridge/css/img/audio/stop.png]
[www.finedaysticker.com/wp-content/themes/bridge/css/img/audio/sound.png]
[www.finedaysticker.com/wp-content/themes/bridge/css/img/audio/mute.png]
[www.finedaysticker.com/wp-content/themes/bridge/css/img/wc_select_arrow.png]
[www.finedaysticker.com/wp-content/themes/bridge/css/img/wc_select_arrow_footer.png]
[www.finedaysticker.com/wp-content/themes/bridge/css/img/frame_arrow_right.png]
[www.finedaysticker.com/wp-content/themes/bridge/css/img/frame_arrow_right_hover.png]
[www.finedaysticker.com/wp-content/themes/bridge/css/img/frame_arrow_left.png]
[www.finedaysticker.com/wp-content/themes/bridge/css/img/frame_arrow_left_hover.png]
[www.finedaysticker.com/wp-content/themes/bridge/css/img/frame_arrow_left@1_5x.png]
[www.finedaysticker.com/wp-content/themes/bridge/css/img/frame_arrow_left_hover@1_5x.png]
[www.finedaysticker.com/wp-content/themes/bridge/css/img/frame_arrow_right@1_5x.png]
[www.finedaysticker.com/wp-content/themes/bridge/css/img/frame_arrow_right_hover@1_5x.png]
[www.finedaysticker.com/wp-content/themes/bridge/css/img/frame_arrow_left@2x.png]
[www.finedaysticker.com/wp-content/themes/bridge/css/img/frame_arrow_left_hover@2x.png]
[www.finedaysticker.com/wp-content/themes/bridge/css/img/frame_arrow_right@2x.png]
[www.finedaysticker.com/wp-content/themes/bridge/css/img/frame_arrow_right_hover@2x.png]
[www.finedaysticker.com/wp-content/themes/bridge/css/img/content_menu_arrow.png]
[www.finedaysticker.com/wp-content/themes/bridge/css/img/vertical_menu_cross.png]
[www.finedaysticker.com/wp-content/themes/bridge/css/img/vertical_menu_minus.png]
[www.finedaysticker.com/wp-content/themes/bridge/css/img/vertical_menu_cross_white.png]
[www.finedaysticker.com/wp-content/themes/bridge/css/img/vertical_menu_minus_white.png]
[www.finedaysticker.com/wp-content/themes/bridge/css/img/vertical_menu_cross_black.png]
[www.finedaysticker.com/wp-content/themes/bridge/css/img/vertical_menu_minus_black.png]
[www.finedaysticker.com/wp-content/themes/bridge/css/img/vertical_menu_cross@1_5x.png]
[www.finedaysticker.com/wp-content/themes/bridge/css/img/vertical_menu_minus@1_5x.png]
[www.finedaysticker.com/wp-content/themes/bridge/css/img/vertical_menu_cross_white@1_5x.png]
[www.finedaysticker.com/wp-content/themes/bridge/css/img/vertical_menu_minus_white@1_5x.png]
[www.finedaysticker.com/wp-content/themes/bridge/css/img/vertical_menu_cross_black@1_5x.png]
[www.finedaysticker.com/wp-content/themes/bridge/css/img/vertical_menu_minus_black@1_5x.png]
[www.finedaysticker.com/wp-content/themes/bridge/css/img/vertical_menu_cross@2x.png]
[www.finedaysticker.com/wp-content/themes/bridge/css/img/vertical_menu_minus@2x.png]
[www.finedaysticker.com/wp-content/themes/bridge/css/img/vertical_menu_cross_white@2x.png]
[www.finedaysticker.com/wp-content/themes/bridge/css/img/vertical_menu_minus_white@2x.png]
[www.finedaysticker.com/wp-content/themes/bridge/css/img/vertical_menu_cross_black@2x.png]
[www.finedaysticker.com/wp-content/themes/bridge/css/img/vertical_menu_minus_black@2x.png]
[www.finedaysticker.com/wp-content/themes/bridge/css/img/mds-phone-top.png]
[www.finedaysticker.com/wp-content/themes/bridge/css/stylesheet.min4d80.css]
[www.finedaysticker.com/wp-content/themes/bridge/css/print4d80.css]
[www.finedaysticker.com/wp-content/themes/bridge/css/style_dynamic_callback4d80.css]
[www.finedaysticker.com/wp-content/themes/bridge/css/responsive.min4d80.css]
[www.finedaysticker.com/wp-content/themes/bridge/css/style_dynamic_responsive_callback4d80.css]
[www.finedaysticker.com/wp-content/plugins/js_composer/assets/vc/alert.png]
[www.finedaysticker.com/wp-content/plugins/js_composer/assets/vc/info.png]
[www.finedaysticker.com/wp-content/plugins/js_composer/assets/vc/tick.png]
[www.finedaysticker.com/wp-content/plugins/js_composer/assets/vc/exclamation.png]
[www.finedaysticker.com/wp-content/plugins/js_composer/assets/images/icons/address-book.png]
[www.finedaysticker.com/wp-content/plugins/js_composer/assets/images/icons/alarm-clock.png]
[www.finedaysticker.com/wp-content/plugins/js_composer/assets/images/icons/anchor.png]
[www.finedaysticker.com/wp-content/plugins/js_composer/assets/images/icons/application-image.png]
[www.finedaysticker.com/wp-content/plugins/js_composer/assets/images/icons/arrow.png]
[www.finedaysticker.com/wp-content/plugins/js_composer/assets/images/icons/asterisk.png]
[www.finedaysticker.com/wp-content/plugins/js_composer/assets/images/icons/auction-hammer.png]
[www.finedaysticker.com/wp-content/plugins/js_composer/assets/images/icons/balloon.png]
[www.finedaysticker.com/wp-content/plugins/js_composer/assets/images/icons/balloon-buzz.png]
[www.finedaysticker.com/wp-content/plugins/js_composer/assets/images/icons/balloon-facebook.png]
[www.finedaysticker.com/wp-content/plugins/js_composer/assets/images/icons/balloon-twitter.png]
[www.finedaysticker.com/wp-content/plugins/js_composer/assets/images/icons/battery-full.png]
[www.finedaysticker.com/wp-content/plugins/js_composer/assets/images/icons/binocular.png]
[www.finedaysticker.com/wp-content/plugins/js_composer/assets/images/icons/blue-document-excel.png]
[www.finedaysticker.com/wp-content/plugins/js_composer/assets/images/icons/blue-document-image.png]
[www.finedaysticker.com/wp-content/plugins/js_composer/assets/images/icons/blue-document-music.png]
[www.finedaysticker.com/wp-content/plugins/js_composer/assets/images/icons/blue-document-office.png]
[www.finedaysticker.com/wp-content/plugins/js_composer/assets/images/icons/blue-document-pdf.png]
[www.finedaysticker.com/wp-content/plugins/js_composer/assets/images/icons/blue-document-powerpoint.png]
[www.finedaysticker.com/wp-content/plugins/js_composer/assets/images/icons/blue-document-word.png]
[www.finedaysticker.com/wp-content/plugins/js_composer/assets/images/icons/bookmark.png]
[www.finedaysticker.com/wp-content/plugins/js_composer/assets/images/icons/camcorder.png]
[www.finedaysticker.com/wp-content/plugins/js_composer/assets/images/icons/camera.png]
[www.finedaysticker.com/wp-content/plugins/js_composer/assets/images/icons/chart.png]
[www.finedaysticker.com/wp-content/plugins/js_composer/assets/images/icons/chart-pie.png]
[www.finedaysticker.com/wp-content/plugins/js_composer/assets/images/icons/clock.png]
[www.finedaysticker.com/wp-content/plugins/js_composer/assets/images/icons/control.png]
[www.finedaysticker.com/wp-content/plugins/js_composer/assets/images/icons/fire.png]
[www.finedaysticker.com/wp-content/plugins/js_composer/assets/images/icons/heart.png]
[www.finedaysticker.com/wp-content/plugins/js_composer/assets/images/icons/mail.png]
[www.finedaysticker.com/wp-content/plugins/js_composer/assets/images/icons/plus-shield.png]
[www.finedaysticker.com/wp-content/plugins/js_composer/assets/images/icons/video.png]
[www.finedaysticker.com/wp-content/plugins/js_composer/assets/fonts/vc_icons_v2/fonts/vcpb-plugin-iconsb82a.eot]
[www.finedaysticker.com/wp-content/plugins/js_composer/assets/fonts/vc_icons_v2/fonts/vcpb-plugin-iconsb82a.ttf]
[www.finedaysticker.com/wp-content/plugins/js_composer/assets/fonts/vc_icons_v2/fonts/vcpb-plugin-iconsb82a.woff]
[www.finedaysticker.com/wp-content/plugins/js_composer/assets/images/toggle_open.png]
[www.finedaysticker.com/wp-content/plugins/js_composer/assets/images/toggle_close.png]
[www.finedaysticker.com/wp-content/plugins/js_composer/assets/images/flickr.png]
[www.finedaysticker.com/wp-content/plugins/js_composer/assets/fonts/vc_grid/vc_grid_v157a1.eot]
[www.finedaysticker.com/wp-content/plugins/js_composer/assets/fonts/vc_grid/vc_grid_v1d41d.eot]
[www.finedaysticker.com/wp-content/plugins/js_composer/assets/fonts/vc_grid/vc_grid_v157a1.woff]
[www.finedaysticker.com/wp-content/plugins/js_composer/assets/fonts/vc_grid/vc_grid_v157a1.ttf]
[www.finedaysticker.com/wp-content/plugins/js_composer/assets/images/spinner.gif]
[www.finedaysticker.com/wp-content/plugins/js_composer/assets/vc/remove.png]
[www.finedaysticker.com/wp-content/plugins/js_composer/assets/css/js_composer.minf7be.css]
[www.finedaysticker.com/wp-content/plugins/bridge-core/modules/core-dashboard/assets/css/core-dashboard.min4d80.css]
[www.finedaysticker.com/wp-content/plugins/elementor-pro/assets/css/widget-nav-menu.minc8a6.css]
[www.finedaysticker.com/wp-content/uploads/elementor/css/post-20814b27.css]
[www.finedaysticker.com/wp-content/uploads/elementor/css/post-19178cb8.css]
[www.finedaysticker.com/wp-content/plugins/qi-addons-for-elementor/assets/plugins/swiper/8.4.5/swiper.min94a4.css]
[www.finedaysticker.com/wp-content/plugins/elementor/assets/lib/eicons/fonts/eicons9930.eot]
[www.finedaysticker.com/wp-content/plugins/elementor/assets/lib/eicons/fonts/eicons9930.woff]
[www.finedaysticker.com/wp-content/plugins/elementor/assets/lib/eicons/fonts/eicons9930.ttf]
[www.finedaysticker.com/wp-content/plugins/elementor/assets/lib/eicons/css/elementor-icons.min705c.css]
[www.finedaysticker.com/wp-content/plugins/elementor/assets/css/widget-icon-list.min44b4.css]
[www.finedaysticker.com/wp-content/plugins/elementor/assets/css/widget-social-icons.min2401.css]
[www.finedaysticker.com/wp-content/plugins/elementor/assets/lib/font-awesome/webfonts/fa-brands-400.eot]
[www.finedaysticker.com/wp-content/plugins/elementor/assets/lib/font-awesome/webfonts/fa-brands-400d41d.eot]
[www.finedaysticker.com/wp-content/plugins/elementor/assets/lib/font-awesome/webfonts/fa-brands-400.woff]
[www.finedaysticker.com/wp-content/plugins/elementor/assets/lib/font-awesome/webfonts/fa-brands-400.ttf]
[www.finedaysticker.com/wp-content/plugins/elementor/assets/lib/font-awesome/css/brands52d5.css]
[www.finedaysticker.com/wp-content/plugins/elementor/assets/lib/font-awesome/css/fontawesome52d5.css]
[www.finedaysticker.com/wp-content/plugins/elementor/assets/lib/font-awesome/webfonts/fa-solid-900.eot]
[www.finedaysticker.com/wp-content/plugins/elementor/assets/lib/font-awesome/webfonts/fa-solid-900d41d.eot]
[www.finedaysticker.com/wp-content/plugins/elementor/assets/lib/font-awesome/webfonts/fa-solid-900.woff]
[www.finedaysticker.com/wp-content/plugins/elementor/assets/lib/font-awesome/webfonts/fa-solid-900.ttf]
[www.finedaysticker.com/wp-content/plugins/elementor/assets/lib/font-awesome/css/solid52d5.css]
[www.finedaysticker.com/wp-content/plugins/elementor-pro/assets/css/widget-blockquote.min503b.css]
[www.finedaysticker.com/wp-content/plugins/elementor-pro/assets/css/widget-mega-menu.min9e35.css]
[www.finedaysticker.com/wp-content/plugins/elementor-pro/assets/css/widget-nav-menu.min42e3.css]
[www.finedaysticker.com/wp-content/plugins/seed-fonts/fonts/boon/boon-300.woff2]
[www.finedaysticker.com/wp-content/plugins/seed-fonts/fonts/boon/boon-700.woff2]
[www.finedaysticker.com/wp-content/plugins/seed-fonts/fonts/boon/font4d80.css]
[www.finedaysticker.com/wp-content/uploads/elementor/google-fonts/css/promptbf6c.css]
[www.finedaysticker.com/wp-json/oembed/1.0/embed9486.json]
[www.finedaysticker.com/wp-json/oembed/1.0/embed13b5]
[www.finedaysticker.com/wp-json/wp/v2/pages/76.json]
[www.finedaysticker.com/wp-content/uploads/2022/07/Menut-Healthy-2-1.277.delayed]
[www.finedaysticker.com/wp-content/uploads/2020/02/สติ๊กเกอร์-ฉลากสินค้า-ติดขนม-Amazon-Brownie-Crispy-1-1.jpg]
[www.finedaysticker.com/wp-content/uploads/2020/02/สติ๊กเกอร์-แบรนด์-Alcohol-Hand-Gel-1.jpg]
[www.finedaysticker.com/wp-content/uploads/2020/03/PVC-Static-Cling-Ministry-of-Industry-3.jpg]
[www.finedaysticker.com/wp-content/uploads/2021/02/Town-Avenue.jpg]
[www.finedaysticker.com/wp-content/uploads/2022/07/Fried-Shredded-Pork.jpg]
[www.finedaysticker.com/portfolio_page/pvc-สูญญากาศ-unio-พระราม-2-ท่าข้า/index.html]
[www.finedaysticker.com/portfolio_page/สติ๊กเกอร์-ฉลากสินค้า-shopee/index.html]
[www.finedaysticker.com/wp-content/uploads/2022/08/Lets-go-Better-to-stay-at-home..jpg]
[www.finedaysticker.com/portfolio_page/รับพิมพ์สติ๊กเกอร์ฟอยล/index.html]
[www.finedaysticker.com/wp-content/uploads/2022/10/The-Joint.jpg]
[www.finedaysticker.com/portfolio_page/สติ๊กเกอร์-ฉลากสินค้า-6/index.html]
[www.finedaysticker.com/portfolio_page/pvc-สูญญากาศติดกระจก-ไม่มี/index.html]
[www.finedaysticker.com/wp-content/uploads/2021/01/HAND-CLEANSING-SPRAY.jpg]
[www.finedaysticker.com/portfolio_page/สติ๊กเกอร์-ฉลากสินค้า-ติ/index.html]
[www.finedaysticker.com/wp-content/uploads/2021/01/SWEET-MALEE.jpg]
[www.finedaysticker.com/portfolio_page/สติ๊กเกอร์-แบรนด์-alcohol-hand-gel/index.html]
[www.finedaysticker.com/portfolio_page/สติ๊กเกอร์ตัดแจกเป็นแผ/index.html]
[www.finedaysticker.com/wp-content/uploads/2020/11/Magic-Sauce-1.jpg]
[www.finedaysticker.com/portfolio_page/pvc-สูญญากาศ/index.html]
[www.finedaysticker.com/wp-content/uploads/2021/01/HAND-SANITIZER-ALOE-VERA.jpg]
[www.finedaysticker.com/portfolio_page/สติ๊กเกอร์ติดกระจก-4/index.html]
[www.finedaysticker.com/wp-content/uploads/2022/10/Shopee.jpg]
[www.finedaysticker.com/portfolio_page/สติ๊กเกอร์แจกเป็นแผ่น/index.html]
[www.finedaysticker.com/wp-content/uploads/2020/04/Siam-Uniform.jpg]
[www.finedaysticker.com/portfolio_page/สติ๊กเกอร์-ฉลากสินค้า-5/index.html]
[www.finedaysticker.com/wp-content/uploads/2020/04/BennY-Cosmetic-Hand-Sanitizer.jpg]
[www.finedaysticker.com/portfolio_page/สติ๊กเกอร์-ฉลากสินค้า-8-2/index.html]
[www.finedaysticker.com/wp-content/uploads/2020/08/Rya-Boutique.jpg]
[www.finedaysticker.com/portfolio_page/สติ๊กเกอร์สินค้า/index.html]
[www.finedaysticker.com/wp-content/uploads/2020/08/Lunla-Garden-Orange-Juice.jpg]
[www.finedaysticker.com/portfolio_page/สติ๊กเกอร์-ฉลากสินค้า-hand-cleansing-spr/index.html]
[www.finedaysticker.com/wp-content/uploads/2020/08/Lalalii_Shop-2.jpg]
[www.finedaysticker.com/portfolio_page/สติ๊กเกอร์-ฉลากสินค้า/index.html]
[www.finedaysticker.com/wp-content/uploads/2020/10/Democracy.jpg]
[www.finedaysticker.com/portfolio_page/รับพิมพ์สติ๊กเกอร์-โลโก/index.html]
[www.finedaysticker.com/wp-content/uploads/2022/07/Fish-Ball.jpg]
[www.finedaysticker.com/portfolio_page/รับพิมพ์สติ๊กเกอร์-โลโ-2/index.html]
[www.finedaysticker.com/wp-content/uploads/2020/10/Black-Wheel-Polish.jpg]
[www.finedaysticker.com/portfolio_page/รับพิมพ์สติ๊กเกอร์-โลโ-3/index.html]
[www.finedaysticker.com/wp-content/uploads/2020/10/Hi-Care-Drugs.jpg]
[www.finedaysticker.com/portfolio_page/สติ๊กเกอร์-ฉลากสินค้า-mixed-veggies-and/index.html]
[www.finedaysticker.com/portfolio_page/shopee-pvc-ขาวเงาเคลือบด้าน/index.html]
[www.finedaysticker.com/wp-content/uploads/2020/01/สติ๊กเกอร์-ผลิตภัณฑ์-แบรนด์สินค้า-ฉลากสินค้า-TAO-KAE-NOI-Festival.jpg]
[www.finedaysticker.com/portfolio_page/รับพิมพ์สติ๊กเกอร์-2/index.html]
[www.finedaysticker.com/wp-content/uploads/2020/01/สติ๊กเกอร์ฟอยล์เงิน.jpg]
[www.finedaysticker.com/portfolio_page/สติ๊กเกอร์-ฉลากสินค้า-rya-boutique/index.html]
[www.finedaysticker.com/portfolio_page/รับพิมพ์สติ๊กเกอร์-3/index.html]
[www.finedaysticker.com/wp-content/uploads/2020/01/สติ๊กเกอร์-สคบ.-ฉลากสินค้า-Over-The-Moon.jpg]
[www.finedaysticker.com/portfolio_page/สติ๊กเกอร์-ฉลากสินค้า-lunla-garden-orang/index.html]
[www.finedaysticker.com/portfolio_page/สติ๊กเกอร์-ฉลากสินค้า-delicious-democrac/index.html]
[www.finedaysticker.com/wp-content/uploads/2020/03/Traditional-Medicine-Sticker.jpg]
[www.finedaysticker.com/portfolio_page/พิมพ์สติ๊กเกอร์-ฉลากสิน/index.html]
[www.finedaysticker.com/wp-content/uploads/2022/07/CBD-OIL-1.jpg]
[www.finedaysticker.com/portfolio_page/สติ๊กเกอร์ติดกระจก-3/index.html]
[www.finedaysticker.com/wp-content/uploads/2023/01/PN-Essential-Shower-Oil.jpg]
[www.finedaysticker.com/portfolio_page/สติ๊กเกอร์-ฉลากสินค้า-4/index.html]
[www.finedaysticker.com/wp-content/uploads/2019/12/PVC-สูญญากาศ-ไม่มีกาว-dcondo.jpg]
[www.finedaysticker.com/portfolio_page/lazada-pvc-ขาวเงาเคลือบด้าน/index.html]
[www.finedaysticker.com/wp-content/uploads/2019/12/สติ๊กเกอร์-สคบ.-บาร์โค้ด-สแกน-QR-Code-Black-Garlic.jpg]
[www.finedaysticker.com/portfolio_page/สติ๊กเกอร์ติดกระจก-2/index.html]
[www.finedaysticker.com/wp-content/uploads/2020/01/สติ๊กเกอร์-ฉลากสินค้า-Dream-Cones-GELATO.jpg]
[www.finedaysticker.com/portfolio_page/สติ๊กเกอร์ติดรถ-สติ๊กเก/index.html]
[www.finedaysticker.com/wp-content/uploads/2020/01/สติ๊กเกอร์-ผลิตภัณฑ์-แบรนด์สินค้า-ฉลากสินค้า-GOOD-THINGZ-HAPPEN.jpg]
[www.finedaysticker.com/portfolio_page/สติ๊กเกอร์-ตัดแจก-การ์ตู/index.html]
[www.finedaysticker.com/wp-content/uploads/2020/05/Crying-Squidy.jpg]
[www.finedaysticker.com/portfolio_page/รับพิมพ์สติ๊กเกอร์-พิมพ/index.html]
[www.finedaysticker.com/wp-content/uploads/2023/01/SHRIMP-Cheesy.jpg]
[www.finedaysticker.com/portfolio_page/สติ๊กเกอร์-ฉลากสินค้า-7/index.html]
[www.finedaysticker.com/wp-content/uploads/2020/03/Sticker-Snack-Food-Goodfoodbkk.jpg]
[www.finedaysticker.com/portfolio_page/505/index.html]
[www.finedaysticker.com/wp-content/uploads/2019/12/PVC-สูญญากาศ-บ้านราชพฤกษ์-สุวินทวงศ์.jpg]
[www.finedaysticker.com/portfolio_page/สติ๊กเกอร์-ฉลากสินค้า-hi-care-drugs/index.html]
[www.finedaysticker.com/portfolio_page/สติ๊กเกอร์-เครื่องสำอา-3/index.html]
[www.finedaysticker.com/wp-content/uploads/2019/12/สติ๊กเกอร์ติดเครื่องดื่ม-1.jpg]
[www.finedaysticker.com/portfolio_page/สติ๊กเกอร์-แบรนด์สินค้า/index.html]
[www.finedaysticker.com/wp-content/uploads/2020/01/สติ๊กเกอร์-เครื่องสำอางค์-Nesa-Ultra-Sound-Gel.jpg]
[www.finedaysticker.com/portfolio_page/สติ๊กเกอร์ฟอยล์เงิน/index.html]
[www.finedaysticker.com/portfolio_page/สติ๊กเกอร์-สคบ-over-the-moon/index.html]
[www.finedaysticker.com/wp-content/uploads/2020/01/สติ๊กเกอร์-ฉลากสินค้า-Bake-With-Love-Bkk-2.jpg]
[www.finedaysticker.com/portfolio_page/ฉลากยาหมอไข่คลินิก/index.html]
[www.finedaysticker.com/portfolio_page/pn-essential-shower-oil-สติ๊กเกอร์-pvc-ใสเงาหมึก/index.html]
[www.finedaysticker.com/portfolio_page/สติ๊กเกอร์-ฉลากสินค้า-8/index.html]
[www.finedaysticker.com/wp-content/uploads/2020/01/สติ๊กเกอร์-ไดคัทตามแบบ-ตัดแจก-เป็นแผ่น-Dont-Underestimate-me-Bitches.jpg]
[www.finedaysticker.com/portfolio_page/สติ๊กเกอร์-ฉลากสินค้า-dream-cones-gelato/index.html]
[www.finedaysticker.com/portfolio_page/pvc-สูญญากาศ-ไม่มีกาว-dcondo/index.html]
[www.finedaysticker.com/wp-content/uploads/2020/01/สติ๊กเกอร์-ผลิตภัณฑ์-แบรนด์สินค้า-FILM-IS-NOT-DEAD.jpg]
[www.finedaysticker.com/portfolio_page/สติ๊กเกอร์-สคบ-บาร์โค้ด/index.html]
[www.finedaysticker.com/wp-content/uploads/2020/01/สติ๊กเกอร์-เครื่องสำอางค์-กันแดดนารี.jpg]
[www.finedaysticker.com/portfolio_page/สติ๊กเกอร์-ผลิตภัณฑ์-แบร/index.html]
[www.finedaysticker.com/wp-content/uploads/2020/02/สติ๊กเกอร์ติดเครื่องดื่ม-ใสเงา.jpg]
[www.finedaysticker.com/portfolio_page/สติ๊กเกอร์-เครื่องสำอา-5/index.html]
[www.finedaysticker.com/portfolio_page/สติ๊กเกอร์-ติดเครื่องดื/index.html]
[www.finedaysticker.com/portfolio_page/รับพิมพ์สติ๊กเกอร์-4/index.html]
[www.finedaysticker.com/wp-content/uploads/2020/02/สติ๊กเกอร์-แบรนด์-ปุ๋ยพระเจ้า-1.jpg]
[www.finedaysticker.com/portfolio_page/สติ๊กเกอร์ติดอาหาร/index.html]
[www.finedaysticker.com/portfolio_page/pp-board-standee-2/index.html]
[www.finedaysticker.com/portfolio_page/pvc-สูญญากาศ-ไม่มีกาว/index.html]
[www.finedaysticker.com/portfolio_page/สติ๊กเกอร์-เครื่องสำอาง/index.html]
[www.finedaysticker.com/portfolio_page/สติ๊กเกอร์-เครื่องสำอา-2/index.html]
[www.finedaysticker.com/portfolio_page/สติ๊กเกอร์ติดเครื่องดื/index.html]
[www.finedaysticker.com/portfolio_page/สติ๊กเกอร์-ฉลากสินค้า-bake-with-love-bkk/index.html]
[www.finedaysticker.com/wp-content/uploads/2020/03/Sushi-House-Emerald-Sticker-Crispy-Chicken.jpg]
[www.finedaysticker.com/portfolio_page/สติ๊กเกอร์-ติดกระจก-ไดค-2/index.html]
[www.finedaysticker.com/portfolio_page/สติ๊กเกอร์-ไดคัทตามแบบ-ต/index.html]
[www.finedaysticker.com/portfolio_page/สติ๊กเกอร์-ผลิตภัณฑ์-แบ-2/index.html]
[www.finedaysticker.com/wp-content/uploads/2020/03/Sticker-Bakery-SDMSSRU.jpg]
[www.finedaysticker.com/portfolio_page/สติ๊กเกอร์-เครื่องสำอา-4/index.html]
[www.finedaysticker.com/wp-content/uploads/2020/08/Sarisa.jpg]
[www.finedaysticker.com/portfolio_page/สติ๊กเกอร์-แบรนด์-ปุ๋ยพร/index.html]
[www.finedaysticker.com/wp-content/uploads/2019/12/สติ๊กเกอร์-ซีเรียล-ข้าวไรซ์เบอรี่-ติดขนม-ติดอาหาร.jpg]
[www.finedaysticker.com/portfolio_page/สติ๊กเกอร์-ติดเครื่องด-2/index.html]
[www.finedaysticker.com/wp-content/uploads/2019/12/สติ๊กเกอร์-ติดกล่องอาหาร-ไอศครีม-ขนมต่างๆ-Sweet-911.jpg]
[www.finedaysticker.com/portfolio_page/รับพิมพ์สติ๊กเกอร์/index.html]
[www.finedaysticker.com/wp-content/uploads/2020/01/สติ๊กเกอร์-ติดอาหาร-ปลาร้าแซ่บ-สาวภูไท.jpg]
[www.finedaysticker.com/portfolio_page/สติ๊กเกอร์เบเกอรี่/index.html]
[www.finedaysticker.com/wp-content/uploads/2020/02/สติ๊กเกอร์-สคบ.-บาร์โค้ด-สแกน-QR-Code-3.jpg]
[www.finedaysticker.com/portfolio_page/พิมพ์ฉลากสินค้า/index.html]
[www.finedaysticker.com/portfolio_page/สติ๊กเกอร์-ซีเรียลข้าวไ/index.html]
[www.finedaysticker.com/wp-content/uploads/2021/02/Wat-Chedi.jpg]
[www.finedaysticker.com/wp-content/uploads/2020/01/สติ๊กเกอร์-ติดกระจก-ผนัง-ห้างฯ-ร้านค้า-เจ๊คิ้มลูกชิ้นปลา.jpg]
[www.finedaysticker.com/portfolio_page/สติ๊กเกอร์-ติดกล่องอาหา/index.html]
[www.finedaysticker.com/wp-content/uploads/2020/01/นามบัตร-เก่งกระทะเผา.jpg]
[www.finedaysticker.com/portfolio_page/สติ๊กเกอร์-ติดอาหาร-ปลาร/index.html]
[www.finedaysticker.com/portfolio_page/สติ๊กเกอร์-สคบ/index.html]
[www.finedaysticker.com/wp-content/uploads/2020/01/สติ๊กเกอร์-ติดกระจก-ไดคัทตามอักษร-Ferrari.jpg]
[www.finedaysticker.com/portfolio_page/สติ๊กเกอร์-ฉลากสินค้า-2/index.html]
[www.finedaysticker.com/wp-content/uploads/2020/01/สติ๊กเกอร์-ติดกระจก-ผนัง-ห้างฯ-ร้านค้า-2.jpg]
[www.finedaysticker.com/portfolio_page/กระดาษการ์ด-เก่งกระทะเผ/index.html]
[www.finedaysticker.com/portfolio_page/สติ๊กเกอร์-ติดกระจก-ผนั/index.html]
[www.finedaysticker.com/wp-content/uploads/2020/01/สติ๊กเกอร์-การ์ตูน-ดาราเกาหลี-บุรุษเต้าหู้สะท้านภพ.jpg]
[www.finedaysticker.com/wp-content/uploads/2020/01/การ์ด-bitcoin.jpg]
[www.finedaysticker.com/wp-content/uploads/2019/12/สติ๊กเกอร์-ฉลากสินค้า-ติดอาหาร-นุ่มนัว-หมูปลาร้า-3.jpg]
[www.finedaysticker.com/portfolio_page/สติ๊กเกอร์-ติดกระจก-ไดคั/index.html]
[www.finedaysticker.com/wp-content/uploads/2019/12/สติ๊กเกอร์-ติดกระจก-โรงเรียนรัตนโกสินทร์สมโภชบางขุนเทียน.jpg]
[www.finedaysticker.com/portfolio_page/สติ๊กเกอร์-ติดผนัง/index.html]
[www.finedaysticker.com/portfolio_page/สติ๊กเกอร์-การ์ตูนบุรุษ/index.html]
[www.finedaysticker.com/wp-content/uploads/2019/12/สติ๊กเกอร์-Standee-มิซาวะ.jpg]
[www.finedaysticker.com/portfolio/index.html]
[www.finedaysticker.com/wp-content/uploads/2022/07/HIGHLIFE.jpg]
[www.finedaysticker.com/portfolio_page/สติ๊กเกอร์กันน้ำ-ตัดแจก/index.html]
[www.finedaysticker.com/portfolio_page/สติ๊กเกอร์ติดกระจก/index.html]
[www.finedaysticker.com/portfolio_page/481/index.html]
[www.finedaysticker.com/portfolio_page/สติ๊กเกอร์-ฉลากสินค้า-3/index.html]
[www.finedaysticker.com/portfolio_page/pp-board-standee/index.html]
[www.finedaysticker.com/wp-json/oembed/1.0/embed45f9.json]
[www.finedaysticker.com/wp-json/oembed/1.0/embed20ee]
[www.finedaysticker.com/wp-json/wp/v2/pages/82.json]
[www.finedaysticker.com/contact/index.html]
[www.finedaysticker.com/category/บทความงานพิมพ์สติ๊กเกอ/index.html]
[www.finedaysticker.com/wp-content/plugins/revslider/public/assets/fonts/revicons/revicons90c6.eot]
[www.finedaysticker.com/wp-content/plugins/revslider/public/assets/fonts/revicons/revicons90c6.woff]
[www.finedaysticker.com/wp-content/plugins/revslider/public/assets/fonts/revicons/revicons90c6.ttf]
[www.finedaysticker.com/wp-content/plugins/revslider/public/assets/assets/gridtile.png]
[www.finedaysticker.com/wp-content/plugins/revslider/public/assets/assets/gridtile_white.png]
[www.finedaysticker.com/wp-content/plugins/revslider/public/assets/assets/gridtile_3x3.png]
[www.finedaysticker.com/wp-content/plugins/revslider/public/assets/assets/gridtile_3x3_white.png]
[www.finedaysticker.com/wp-content/plugins/revslider/public/assets/assets/coloredbg.png]
[www.finedaysticker.com/wp-content/plugins/revslider/public/assets/assets/loader.gif]
[www.finedaysticker.com/wp-content/plugins/revslider/public/assets/css/rs60660.css]
[www.finedaysticker.com/wp-content/themes/bridge/js/default_dynamic_callback4d80.js]
[www.finedaysticker.com/wp-content/plugins/blog-designer-pack/assets/css/owl.video.play.html]
[www.finedaysticker.com/wp-includes/js/mediaelement/mejs-controls.svg]
[www.finedaysticker.com/wp-content/themes/bridge/css/font-awesome/fonts/fontawesome-webfont3e6e.html]
[www.finedaysticker.com/wp-content/themes/bridge/css/font-awesome/fonts/fontawesome-webfont3e6e.svg]
[www.finedaysticker.com/wp-content/themes/bridge/css/elegant-icons/fonts/ElegantIcons.svg]
[www.finedaysticker.com/wp-content/themes/bridge/css/linea-icons/arrows/fonts/linea-arrows-10.svg]
[www.finedaysticker.com/wp-content/themes/bridge/css/linea-icons/basic/fonts/linea-basic-10.svg]
[www.finedaysticker.com/wp-content/themes/bridge/css/linea-icons/basic-elaboration/fonts/linea-basic-elaboration-10.svg]
[www.finedaysticker.com/wp-content/themes/bridge/css/linea-icons/ecommerce/fonts/linea-ecommerce-10.svg]
[www.finedaysticker.com/wp-content/themes/bridge/css/linea-icons/music/fonts/linea-music-10.svg]
[www.finedaysticker.com/wp-content/themes/bridge/css/linea-icons/software/fonts/linea-software-10.svg]
[www.finedaysticker.com/wp-content/themes/bridge/css/linea-icons/weather/fonts/linea-weather-10.svg]
[www.finedaysticker.com/wp-content/themes/bridge/css/dripicons/fonts/dripicons-v2.svg]
[www.finedaysticker.com/wp-content/themes/bridge/css/kiko/webfonts/fontkikolight.html]
[www.finedaysticker.com/wp-content/themes/bridge/css/kiko/webfonts/fontkikolight.svg]
[www.finedaysticker.com/wp-content/themes/bridge/css/kiko/webfonts/fontkikoreg.html]
[www.finedaysticker.com/wp-content/themes/bridge/css/kiko/webfonts/fontkikoreg.svg]
[www.finedaysticker.com/wp-content/themes/bridge/css/kiko/webfonts/fontkikosolid.html]
[www.finedaysticker.com/wp-content/themes/bridge/css/kiko/webfonts/fontkikosolid.svg]
[www.finedaysticker.com/wp-content/themes/bridge/css/font-awesome-5/webfonts/fa-brands-400.html]
[www.finedaysticker.com/wp-content/themes/bridge/css/font-awesome-5/webfonts/fa-regular-400.html]
[www.finedaysticker.com/wp-content/themes/bridge/css/font-awesome-5/webfonts/fa-solid-900.html]
[www.finedaysticker.com/wp-content/themes/bridge/css/img/box_image_shadow.html]
[www.finedaysticker.com/wp-content/themes/bridge/css/img/cursor_plus.html]
[www.finedaysticker.com/wp-content/themes/bridge/css/img/desaturate.svg]
[www.finedaysticker.com/wp-content/themes/bridge/images/prettyPhoto/facebook/default_thumbnail.html]
[www.finedaysticker.com/wp-content/plugins/js_composer/assets/fonts/vc_icons_v2/fonts/vcpb-plugin-iconsb82a.svg]
[www.finedaysticker.com/wp-content/plugins/js_composer/assets/vc/blur.svg]
[www.finedaysticker.com/wp-content/plugins/js_composer/assets/fonts/vc_grid/vc_grid_v157a1.svg]
[www.finedaysticker.com/wp-content/plugins/elementor/assets/lib/eicons/fonts/eicons9930.html]
[www.finedaysticker.com/wp-content/plugins/elementor/assets/lib/eicons/fonts/eicons9930.svg]
[www.finedaysticker.com/wp-content/plugins/elementor/assets/lib/font-awesome/webfonts/fa-brands-400.html]
[www.finedaysticker.com/wp-content/plugins/elementor/assets/lib/font-awesome/webfonts/fa-brands-400.svg]
[www.finedaysticker.com/wp-content/plugins/elementor/assets/lib/font-awesome/webfonts/fa-solid-900.html]
[www.finedaysticker.com/wp-content/plugins/elementor/assets/lib/font-awesome/webfonts/fa-solid-900.svg]
[www.finedaysticker.com/wp-content/plugins/seed-fonts/fonts/boon/boon-300.html]
[www.finedaysticker.com/wp-content/plugins/seed-fonts/fonts/boon/boon-400.html]
[www.finedaysticker.com/wp-content/plugins/seed-fonts/fonts/boon/boon-500.html]
[www.finedaysticker.com/wp-content/plugins/seed-fonts/fonts/boon/boon-600.html]
[www.finedaysticker.com/wp-content/plugins/seed-fonts/fonts/boon/boon-700.html]
[www.finedaysticker.com/wp-content/uploads/elementor/google-fonts/fonts/prompt-w_7xjnvud7dzb2kzej8flalfq0k.html]
[www.finedaysticker.com/wp-content/uploads/elementor/google-fonts/fonts/prompt-w_7xjnvud7dzb2kzej8fkslfq0k.html]
[www.finedaysticker.com/wp-content/uploads/elementor/google-fonts/fonts/prompt-w_7xjnvud7dzb2kzej8fkolfq0k.html]
[www.finedaysticker.com/wp-content/uploads/elementor/google-fonts/fonts/prompt-w_7xjnvud7dzb2kzej8fkqlfg.html]
[www.finedaysticker.com/wp-content/uploads/elementor/google-fonts/fonts/prompt-w_6xjnvud7dzb2kzelqb1m4w5addw.html]
[www.finedaysticker.com/wp-content/uploads/elementor/google-fonts/fonts/prompt-w_6xjnvud7dzb2kzelqb1mjw5addw.html]
[www.finedaysticker.com/wp-content/uploads/elementor/google-fonts/fonts/prompt-w_6xjnvud7dzb2kzelqb1miw5addw.html]
[www.finedaysticker.com/wp-content/uploads/elementor/google-fonts/fonts/prompt-w_6xjnvud7dzb2kzelqb1msw5a.html]
[www.finedaysticker.com/wp-content/uploads/elementor/google-fonts/fonts/prompt-w_6xjnvud7dzb2kzek0bfm4w5addw.html]
[www.finedaysticker.com/wp-content/uploads/elementor/google-fonts/fonts/prompt-w_6xjnvud7dzb2kzek0bfmjw5addw.html]
[www.finedaysticker.com/wp-content/uploads/elementor/google-fonts/fonts/prompt-w_6xjnvud7dzb2kzek0bfmiw5addw.html]
[www.finedaysticker.com/wp-content/uploads/elementor/google-fonts/fonts/prompt-w_6xjnvud7dzb2kzek0bfmsw5a.html]
[www.finedaysticker.com/wp-content/uploads/elementor/google-fonts/fonts/prompt-w_9xjnvud7dzb2kzeoltkyteg.html]
[www.finedaysticker.com/wp-content/uploads/elementor/google-fonts/fonts/prompt-w_9xjnvud7dzb2kzeoqtkyteg.html]
[www.finedaysticker.com/wp-content/uploads/elementor/google-fonts/fonts/prompt-w_9xjnvud7dzb2kzeortkyteg.html]
[www.finedaysticker.com/wp-content/uploads/elementor/google-fonts/fonts/prompt-w_9xjnvud7dzb2kzeoftky.html]
[www.finedaysticker.com/wp-content/uploads/elementor/google-fonts/fonts/prompt-w_6xjnvud7dzb2kzelsbvm4w5addw.html]
[www.finedaysticker.com/wp-content/uploads/elementor/google-fonts/fonts/prompt-w_6xjnvud7dzb2kzelsbvmjw5addw.html]
[www.finedaysticker.com/wp-content/uploads/elementor/google-fonts/fonts/prompt-w_6xjnvud7dzb2kzelsbvmiw5addw.html]
[www.finedaysticker.com/wp-content/uploads/elementor/google-fonts/fonts/prompt-w_6xjnvud7dzb2kzelsbvmsw5a.html]
[www.finedaysticker.com/wp-content/uploads/elementor/google-fonts/fonts/prompt-w_6xjnvud7dzb2kzelaalm4w5addw.html]
[www.finedaysticker.com/wp-content/uploads/elementor/google-fonts/fonts/prompt-w_6xjnvud7dzb2kzelaalmjw5addw.html]
[www.finedaysticker.com/wp-content/uploads/elementor/google-fonts/fonts/prompt-w_6xjnvud7dzb2kzelaalmiw5addw.html]
[www.finedaysticker.com/wp-content/uploads/elementor/google-fonts/fonts/prompt-w_6xjnvud7dzb2kzelaalmsw5a.html]
[www.finedaysticker.com/wp-content/uploads/elementor/google-fonts/fonts/prompt-w_6xjnvud7dzb2kzekka1m4w5addw.html]
[www.finedaysticker.com/wp-content/uploads/elementor/google-fonts/fonts/prompt-w_6xjnvud7dzb2kzekka1mjw5addw.html]
[www.finedaysticker.com/wp-content/uploads/elementor/google-fonts/fonts/prompt-w_6xjnvud7dzb2kzekka1miw5addw.html]
[www.finedaysticker.com/wp-content/uploads/elementor/google-fonts/fonts/prompt-w_6xjnvud7dzb2kzekka1msw5a.html]
[www.finedaysticker.com/wp-content/uploads/elementor/google-fonts/fonts/prompt-w_6xjnvud7dzb2kzek4afm4w5addw.html]
[www.finedaysticker.com/wp-content/uploads/elementor/google-fonts/fonts/prompt-w_6xjnvud7dzb2kzek4afmjw5addw.html]
[www.finedaysticker.com/wp-content/uploads/elementor/google-fonts/fonts/prompt-w_6xjnvud7dzb2kzek4afmiw5addw.html]
[www.finedaysticker.com/wp-content/uploads/elementor/google-fonts/fonts/prompt-w_6xjnvud7dzb2kzek4afmsw5a.html]
[www.finedaysticker.com/wp-content/uploads/elementor/google-fonts/fonts/prompt-w_6xjnvud7dzb2kzekcavm4w5addw.html]
[www.finedaysticker.com/wp-content/uploads/elementor/google-fonts/fonts/prompt-w_6xjnvud7dzb2kzekcavmjw5addw.html]
[www.finedaysticker.com/wp-content/uploads/elementor/google-fonts/fonts/prompt-w_6xjnvud7dzb2kzekcavmiw5addw.html]
[www.finedaysticker.com/wp-content/uploads/elementor/google-fonts/fonts/prompt-w_6xjnvud7dzb2kzekcavmsw5a.html]
[www.finedaysticker.com/wp-content/uploads/elementor/google-fonts/fonts/prompt-w_9xjnvud7dzb2ca-oltkyteg.html]
[www.finedaysticker.com/wp-content/uploads/elementor/google-fonts/fonts/prompt-w_9xjnvud7dzb2ca-oqtkyteg.html]
[www.finedaysticker.com/wp-content/uploads/elementor/google-fonts/fonts/prompt-w_9xjnvud7dzb2ca-ortkyteg.html]
[www.finedaysticker.com/wp-content/uploads/elementor/google-fonts/fonts/prompt-w_9xjnvud7dzb2ca-oftky.html]
[www.finedaysticker.com/wp-content/uploads/elementor/google-fonts/fonts/prompt-w_8xjnvud7dzb2cr_sifwmuq5q.html]
[www.finedaysticker.com/wp-content/uploads/elementor/google-fonts/fonts/prompt-w_8xjnvud7dzb2cr_sizmmuq5q.html]
[www.finedaysticker.com/wp-content/uploads/elementor/google-fonts/fonts/prompt-w_8xjnvud7dzb2cr_siz2muq5q.html]
[www.finedaysticker.com/wp-content/uploads/elementor/google-fonts/fonts/prompt-w_8xjnvud7dzb2cr_siawmu.html]
[www.finedaysticker.com/wp-content/uploads/elementor/google-fonts/fonts/prompt-w_8xjnvud7dzb2cy_gifwmuq5q.html]
[www.finedaysticker.com/wp-content/uploads/elementor/google-fonts/fonts/prompt-w_8xjnvud7dzb2cy_gizmmuq5q.html]
[www.finedaysticker.com/wp-content/uploads/elementor/google-fonts/fonts/prompt-w_8xjnvud7dzb2cy_giz2muq5q.html]
[www.finedaysticker.com/wp-content/uploads/elementor/google-fonts/fonts/prompt-w_8xjnvud7dzb2cy_giawmu.html]
[www.finedaysticker.com/wp-content/uploads/elementor/google-fonts/fonts/prompt-w__xjnvud7dzb2kdnodvki.html]
[www.finedaysticker.com/wp-content/uploads/elementor/google-fonts/fonts/prompt-w__xjnvud7dzb2kb9odvki.html]
[www.finedaysticker.com/wp-content/uploads/elementor/google-fonts/fonts/prompt-w__xjnvud7dzb2kbtodvki.html]
[www.finedaysticker.com/wp-content/uploads/elementor/google-fonts/fonts/prompt-w__xjnvud7dzb2kynod.html]
[www.finedaysticker.com/wp-content/uploads/elementor/google-fonts/fonts/prompt-w_8xjnvud7dzb2ck_kifwmuq5q.html]
[www.finedaysticker.com/wp-content/uploads/elementor/google-fonts/fonts/prompt-w_8xjnvud7dzb2ck_kizmmuq5q.html]
[www.finedaysticker.com/wp-content/uploads/elementor/google-fonts/fonts/prompt-w_8xjnvud7dzb2ck_kiz2muq5q.html]
[www.finedaysticker.com/wp-content/uploads/elementor/google-fonts/fonts/prompt-w_8xjnvud7dzb2ck_kiawmu.html]
[www.finedaysticker.com/wp-content/uploads/elementor/google-fonts/fonts/prompt-w_8xjnvud7dzb2cv_4ifwmuq5q.html]
[www.finedaysticker.com/wp-content/uploads/elementor/google-fonts/fonts/prompt-w_8xjnvud7dzb2cv_4izmmuq5q.html]
[www.finedaysticker.com/wp-content/uploads/elementor/google-fonts/fonts/prompt-w_8xjnvud7dzb2cv_4iz2muq5q.html]
[www.finedaysticker.com/wp-content/uploads/elementor/google-fonts/fonts/prompt-w_8xjnvud7dzb2cv_4iawmu.html]
[www.finedaysticker.com/wp-content/uploads/elementor/google-fonts/fonts/prompt-w_8xjnvud7dzb2c2_8ifwmuq5q.html]
[www.finedaysticker.com/wp-content/uploads/elementor/google-fonts/fonts/prompt-w_8xjnvud7dzb2c2_8izmmuq5q.html]
[www.finedaysticker.com/wp-content/uploads/elementor/google-fonts/fonts/prompt-w_8xjnvud7dzb2c2_8iz2muq5q.html]
[www.finedaysticker.com/wp-content/uploads/elementor/google-fonts/fonts/prompt-w_8xjnvud7dzb2c2_8iawmu.html]
[www.finedaysticker.com/wp-content/uploads/elementor/google-fonts/fonts/prompt-w_8xjnvud7dzb2cx_wifwmuq5q.html]
[www.finedaysticker.com/wp-content/uploads/elementor/google-fonts/fonts/prompt-w_8xjnvud7dzb2cx_wizmmuq5q.html]
[www.finedaysticker.com/wp-content/uploads/elementor/google-fonts/fonts/prompt-w_8xjnvud7dzb2cx_wiz2muq5q.html]
[www.finedaysticker.com/wp-content/uploads/elementor/google-fonts/fonts/prompt-w_8xjnvud7dzb2cx_wiawmu.html]
[www.finedaysticker.com/wp-content/uploads/elementor/google-fonts/fonts/prompt-w_8xjnvud7dzb2c4_0ifwmuq5q.html]
[www.finedaysticker.com/wp-content/uploads/elementor/google-fonts/fonts/prompt-w_8xjnvud7dzb2c4_0izmmuq5q.html]
[www.finedaysticker.com/wp-content/uploads/elementor/google-fonts/fonts/prompt-w_8xjnvud7dzb2c4_0iz2muq5q.html]
[www.finedaysticker.com/wp-content/uploads/elementor/google-fonts/fonts/prompt-w_8xjnvud7dzb2c4_0iawmu.html]
[www.finedaysticker.com/wp-content/plugins/elementor-pro/assets/css/widget-blockquote.minc8a6.css]
[www.finedaysticker.com/wp-content/uploads/elementor/css/post-76e08e.css]
[www.finedaysticker.com/index04cd.html]
[www.finedaysticker.com/portfolio_page/pvc-สูญญากาศ-unio-พระราม-2-ท่าข้า/index.html]
[www.finedaysticker.com/portfolio_page/สติ๊กเกอร์-ฉลากสินค้า-shopee/index.html]
[www.finedaysticker.com/portfolio_page/รับพิมพ์สติ๊กเกอร์ฟอยล/index.html]
[www.finedaysticker.com/portfolio_page/สติ๊กเกอร์-ฉลากสินค้า-6/index.html]
[www.finedaysticker.com/portfolio_page/pvc-สูญญากาศติดกระจก-ไม่มี/index.html]
[www.finedaysticker.com/portfolio_page/สติ๊กเกอร์-ฉลากสินค้า-ติ/index.html]
[www.finedaysticker.com/portfolio_page/สติ๊กเกอร์-แบรนด์-alcohol-hand-gel/index.html]
[www.finedaysticker.com/portfolio_page/สติ๊กเกอร์ตัดแจกเป็นแผ/index.html]
[www.finedaysticker.com/portfolio_page/pvc-สูญญากาศ/index.html]
[www.finedaysticker.com/portfolio_page/สติ๊กเกอร์ติดกระจก-4/index.html]
[www.finedaysticker.com/portfolio_page/สติ๊กเกอร์แจกเป็นแผ่น/index.html]
[www.finedaysticker.com/portfolio_page/สติ๊กเกอร์-ฉลากสินค้า-5/index.html]
[www.finedaysticker.com/portfolio_page/สติ๊กเกอร์-ฉลากสินค้า-8-2/index.html]
[www.finedaysticker.com/portfolio_page/สติ๊กเกอร์สินค้า/index.html]
[www.finedaysticker.com/portfolio_page/สติ๊กเกอร์-ฉลากสินค้า-hand-cleansing-spr/index.html]
[www.finedaysticker.com/portfolio_page/สติ๊กเกอร์-ฉลากสินค้า/index.html]
[www.finedaysticker.com/portfolio_page/รับพิมพ์สติ๊กเกอร์-โลโก/index.html]
[www.finedaysticker.com/portfolio_page/รับพิมพ์สติ๊กเกอร์-โลโ-2/index.html]
[www.finedaysticker.com/portfolio_page/รับพิมพ์สติ๊กเกอร์-โลโ-3/index.html]
[www.finedaysticker.com/portfolio_page/สติ๊กเกอร์-ฉลากสินค้า-mixed-veggies-and/index.html]
[www.finedaysticker.com/portfolio_page/shopee-pvc-ขาวเงาเคลือบด้าน/index.html]
[www.finedaysticker.com/portfolio_page/รับพิมพ์สติ๊กเกอร์-2/index.html]
[www.finedaysticker.com/portfolio_page/รับพิมพ์สติ๊กเกอร์-3/index.html]
[www.finedaysticker.com/portfolio_page/สติ๊กเกอร์-ฉลากสินค้า-rya-boutique/index.html]
[www.finedaysticker.com/portfolio_page/สติ๊กเกอร์-ฉลากสินค้า-lunla-garden-orang/index.html]
[www.finedaysticker.com/portfolio_page/พิมพ์สติ๊กเกอร์-ฉลากสิน/index.html]
[www.finedaysticker.com/portfolio_page/สติ๊กเกอร์-ฉลากสินค้า-delicious-democrac/index.html]
[www.finedaysticker.com/portfolio_page/สติ๊กเกอร์ติดกระจก-3/index.html]
[www.finedaysticker.com/portfolio_page/สติ๊กเกอร์-ฉลากสินค้า-4/index.html]
[www.finedaysticker.com/portfolio_page/lazada-pvc-ขาวเงาเคลือบด้าน/index.html]
[www.finedaysticker.com/portfolio_page/สติ๊กเกอร์ติดกระจก-2/index.html]
[www.finedaysticker.com/portfolio_page/สติ๊กเกอร์ติดรถ-สติ๊กเก/index.html]
[www.finedaysticker.com/portfolio_page/สติ๊กเกอร์-ตัดแจก-การ์ตู/index.html]
[www.finedaysticker.com/portfolio_page/รับพิมพ์สติ๊กเกอร์-พิมพ/index.html]
[www.finedaysticker.com/portfolio_page/สติ๊กเกอร์-ฉลากสินค้า-7/index.html]
[www.finedaysticker.com/wp-json/oembed/1.0/embed1df4.json]
[www.finedaysticker.com/wp-json/oembed/1.0/embed6922]
[www.finedaysticker.com/portfolio_page/505/index.html]
[www.finedaysticker.com/portfolio_page/สติ๊กเกอร์-ฉลากสินค้า-hi-care-drugs/index.html]
[www.finedaysticker.com/portfolio_page/สติ๊กเกอร์-เครื่องสำอา-3/index.html]
[www.finedaysticker.com/portfolio_page/สติ๊กเกอร์-แบรนด์สินค้า/index.html]
[www.finedaysticker.com/portfolio_page/สติ๊กเกอร์ฟอยล์เงิน/index.html]
[www.finedaysticker.com/portfolio_page/สติ๊กเกอร์-สคบ-over-the-moon/index.html]
[www.finedaysticker.com/portfolio_page/ฉลากยาหมอไข่คลินิก/index.html]
[www.finedaysticker.com/portfolio_page/สติ๊กเกอร์-ฉลากสินค้า-8/index.html]
[www.finedaysticker.com/portfolio_page/pn-essential-shower-oil-สติ๊กเกอร์-pvc-ใสเงาหมึก/index.html]
[www.finedaysticker.com/portfolio_page/pvc-สูญญากาศ-ไม่มีกาว-dcondo/index.html]
[www.finedaysticker.com/portfolio_page/สติ๊กเกอร์-สคบ-บาร์โค้ด/index.html]
[www.finedaysticker.com/portfolio_page/สติ๊กเกอร์-ฉลากสินค้า-dream-cones-gelato/index.html]
[www.finedaysticker.com/portfolio_page/สติ๊กเกอร์-ผลิตภัณฑ์-แบร/index.html]
[www.finedaysticker.com/portfolio_page/สติ๊กเกอร์-เครื่องสำอา-5/index.html]
[www.finedaysticker.com/portfolio_page/สติ๊กเกอร์-ติดเครื่องดื/index.html]
[www.finedaysticker.com/portfolio_page/รับพิมพ์สติ๊กเกอร์-4/index.html]
[www.finedaysticker.com/wp-json/oembed/1.0/embed469a.json]
[www.finedaysticker.com/wp-json/oembed/1.0/embed8319]
[www.finedaysticker.com/portfolio_page/pp-board-standee-2/index.html]
[www.finedaysticker.com/portfolio_page/สติ๊กเกอร์ติดอาหาร/index.html]
[www.finedaysticker.com/portfolio_page/pvc-สูญญากาศ-ไม่มีกาว/index.html]
[www.finedaysticker.com/portfolio_page/สติ๊กเกอร์ติดเครื่องดื/index.html]
[www.finedaysticker.com/portfolio_page/สติ๊กเกอร์-เครื่องสำอาง/index.html]
[www.finedaysticker.com/portfolio_page/สติ๊กเกอร์-ฉลากสินค้า-bake-with-love-bkk/index.html]
[www.finedaysticker.com/portfolio_page/สติ๊กเกอร์-เครื่องสำอา-2/index.html]
[www.finedaysticker.com/portfolio_page/สติ๊กเกอร์-ไดคัทตามแบบ-ต/index.html]
[www.finedaysticker.com/portfolio_page/สติ๊กเกอร์-ติดกระจก-ไดค-2/index.html]
[www.finedaysticker.com/portfolio_page/สติ๊กเกอร์-ผลิตภัณฑ์-แบ-2/index.html]
[www.finedaysticker.com/portfolio_page/สติ๊กเกอร์-เครื่องสำอา-4/index.html]
[www.finedaysticker.com/portfolio_page/สติ๊กเกอร์-ติดเครื่องด-2/index.html]
[www.finedaysticker.com/portfolio_page/สติ๊กเกอร์-แบรนด์-ปุ๋ยพร/index.html]
[www.finedaysticker.com/portfolio_page/รับพิมพ์สติ๊กเกอร์/index.html]
[www.finedaysticker.com/portfolio_page/สติ๊กเกอร์เบเกอรี่/index.html]
[www.finedaysticker.com/portfolio_page/พิมพ์ฉลากสินค้า/index.html]
[www.finedaysticker.com/portfolio_page/สติ๊กเกอร์-ซีเรียลข้าวไ/index.html]
[www.finedaysticker.com/portfolio_page/สติ๊กเกอร์-ติดกล่องอาหา/index.html]
[www.finedaysticker.com/portfolio_page/สติ๊กเกอร์-ติดอาหาร-ปลาร/index.html]
[www.finedaysticker.com/portfolio_page/สติ๊กเกอร์-สคบ/index.html]
[www.finedaysticker.com/portfolio_page/สติ๊กเกอร์-ฉลากสินค้า-2/index.html]
[www.finedaysticker.com/portfolio_page/สติ๊กเกอร์-ติดกระจก-ผนั/index.html]
[www.finedaysticker.com/portfolio_page/กระดาษการ์ด-เก่งกระทะเผ/index.html]
[www.finedaysticker.com/portfolio_page/สติ๊กเกอร์-ติดกระจก-ไดคั/index.html]
[www.finedaysticker.com/portfolio_page/สติ๊กเกอร์-ติดผนัง/index.html]
[www.finedaysticker.com/portfolio_page/สติ๊กเกอร์-การ์ตูนบุรุษ/index.html]
[www.finedaysticker.com/portfolio_page/สติ๊กเกอร์กันน้ำ-ตัดแจก/index.html]
[www.finedaysticker.com/wp-json/oembed/1.0/embed8cfe.json]
[www.finedaysticker.com/wp-json/oembed/1.0/embed8be1]
[www.finedaysticker.com/wp-content/uploads/2019/12/สติ๊กเกอร์-ฉลากสินค้า-ติดอาหาร-นุ่มนัว-หมูปลาร้า-5.jpg]
[www.finedaysticker.com/wp-content/uploads/2019/12/สติ๊กเกอร์-ฉลากสินค้า-ติดอาหาร-นุ่มนัว-หมูปลาร้า-4.jpg]
[www.finedaysticker.com/portfolio_page/481/index.html]
[www.finedaysticker.com/portfolio_page/สติ๊กเกอร์ติดกระจก/index.html]
[www.finedaysticker.com/wp-json/oembed/1.0/embed0b00.json]
[www.finedaysticker.com/wp-json/oembed/1.0/embedea09]
[www.finedaysticker.com/portfolio_page/pp-board-standee/index.html]
[www.finedaysticker.com/portfolio_page/สติ๊กเกอร์-ฉลากสินค้า-3/index.html]
[www.finedaysticker.com/wp-content/plugins/elementor-pro/assets/css/widget-social.minc8a6.css]
[www.finedaysticker.com/wp-content/uploads/elementor/css/post-820fc1.css]
[www.finedaysticker.com/index287b.html]
[www.finedaysticker.com/wp-content/plugins/revslider/public/assets/fonts/revicons/revicons90c6.svg]
[www.finedaysticker.com/wp-content/plugins/revslider/public/assets/css/openhand.html]
[www.finedaysticker.com/wp-content/plugins/revslider/public/assets/css/closedhand.html]
[www.finedaysticker.com/index9b9e.html]
[www.finedaysticker.com/indexdbfd.html]
[www.finedaysticker.com/indexf705.html]
[www.finedaysticker.com/index912b.html]
[www.finedaysticker.com/wp-content/themes/bridge/index.html]
